
yosys> stat -liberty /workspace/scripts/synth/work/sky130_fd_sc_hd__tt_025C_1v80.lib

10. Printing statistics.

=== vibe_lmsm ===

   Number of wires:                230
   Number of wire bits:            270
   Number of public wires:          18
   Number of public wire bits:      58
   Number of ports:                 14
   Number of port bits:             21
   Number of memories:               0
   Number of memory bits:            0
   Number of processes:              0
   Number of cells:                251
     sky130_fd_sc_hd__a2111oi_0      1
     sky130_fd_sc_hd__a211oi_1       1
     sky130_fd_sc_hd__a21boi_0       1
     sky130_fd_sc_hd__a21o_1         3
     sky130_fd_sc_hd__a21oi_1       25
     sky130_fd_sc_hd__a22o_1         1
     sky130_fd_sc_hd__a311o_1        1
     sky130_fd_sc_hd__a311oi_1       1
     sky130_fd_sc_hd__a31oi_1        9
     sky130_fd_sc_hd__a32oi_1        2
     sky130_fd_sc_hd__a41oi_1        1
     sky130_fd_sc_hd__and2_0         5
     sky130_fd_sc_hd__and3_1         3
     sky130_fd_sc_hd__and4_1         3
     sky130_fd_sc_hd__clkinv_1       4
     sky130_fd_sc_hd__dfrtp_1       37
     sky130_fd_sc_hd__lpflow_inputiso1p_1      4
     sky130_fd_sc_hd__lpflow_isobufsrc_1      4
     sky130_fd_sc_hd__nand2_1       30
     sky130_fd_sc_hd__nand2b_1       4
     sky130_fd_sc_hd__nand3_1        8
     sky130_fd_sc_hd__nand4_1        1
     sky130_fd_sc_hd__nand4b_1       1
     sky130_fd_sc_hd__nor2_1        24
     sky130_fd_sc_hd__nor3_1        13
     sky130_fd_sc_hd__nor4_1         7
     sky130_fd_sc_hd__nor4b_1        3
     sky130_fd_sc_hd__nor4bb_1       1
     sky130_fd_sc_hd__o211ai_1       2
     sky130_fd_sc_hd__o21a_1         6
     sky130_fd_sc_hd__o21ai_0        8
     sky130_fd_sc_hd__o22ai_1        2
     sky130_fd_sc_hd__o31a_1         1
     sky130_fd_sc_hd__o31ai_1        5
     sky130_fd_sc_hd__o32a_1         2
     sky130_fd_sc_hd__or3_1          3
     sky130_fd_sc_hd__or3b_1         2
     sky130_fd_sc_hd__or4_1          2
     sky130_fd_sc_hd__or4b_1         1
     sky130_fd_sc_hd__xnor2_1        8
     sky130_fd_sc_hd__xor2_1        11

   Chip area for module '\vibe_lmsm': 2183.344000
     of which used for sequential elements: 925.888000 (42.41%)

