
yosys> stat -liberty /workspace/scripts/synth/work/sky130_fd_sc_hd__tt_025C_1v80.lib

10. Printing statistics.

=== vibe_port_sel ===

   Number of wires:                302
   Number of wire bits:            400
   Number of public wires:          33
   Number of public wire bits:     131
   Number of ports:                 15
   Number of port bits:             93
   Number of memories:               0
   Number of memory bits:            0
   Number of processes:              0
   Number of cells:                338
     sky130_fd_sc_hd__a211o_1        1
     sky130_fd_sc_hd__a211oi_1       2
     sky130_fd_sc_hd__a21boi_0       2
     sky130_fd_sc_hd__a21o_1         1
     sky130_fd_sc_hd__a21oi_1       14
     sky130_fd_sc_hd__a221o_1        1
     sky130_fd_sc_hd__a222oi_1       1
     sky130_fd_sc_hd__a22oi_1       16
     sky130_fd_sc_hd__a2bb2oi_1      1
     sky130_fd_sc_hd__a31oi_1        4
     sky130_fd_sc_hd__and2_0         5
     sky130_fd_sc_hd__and3_1         2
     sky130_fd_sc_hd__and3b_1        1
     sky130_fd_sc_hd__and4_1         5
     sky130_fd_sc_hd__and4b_1        4
     sky130_fd_sc_hd__clkinv_1       3
     sky130_fd_sc_hd__dfrtp_1       69
     sky130_fd_sc_hd__lpflow_isobufsrc_1      7
     sky130_fd_sc_hd__mux2_1        21
     sky130_fd_sc_hd__mux2i_1        4
     sky130_fd_sc_hd__nand2_1       41
     sky130_fd_sc_hd__nand2b_1       1
     sky130_fd_sc_hd__nand3_1        7
     sky130_fd_sc_hd__nand3b_1       5
     sky130_fd_sc_hd__nand4_1        8
     sky130_fd_sc_hd__nor2_1        26
     sky130_fd_sc_hd__nor2b_1        4
     sky130_fd_sc_hd__nor3_1         7
     sky130_fd_sc_hd__nor4_1         3
     sky130_fd_sc_hd__nor4b_1        4
     sky130_fd_sc_hd__nor4bb_1       6
     sky130_fd_sc_hd__o211a_1        1
     sky130_fd_sc_hd__o211ai_1       1
     sky130_fd_sc_hd__o21a_1         4
     sky130_fd_sc_hd__o21ai_0       12
     sky130_fd_sc_hd__o221ai_1       1
     sky130_fd_sc_hd__o22ai_1        4
     sky130_fd_sc_hd__o31a_1         1
     sky130_fd_sc_hd__o31ai_1       12
     sky130_fd_sc_hd__o32ai_1        1
     sky130_fd_sc_hd__xnor2_1       14
     sky130_fd_sc_hd__xor2_1        11

   Chip area for module '\vibe_port_sel': 3507.113600
     of which used for sequential elements: 1726.656000 (49.23%)

