
yosys> stat -liberty /workspace/scripts/synth/work/sky130_fd_sc_hd__tt_025C_1v80.lib

10. Printing statistics.

=== vibe_bcrc ===

   Number of wires:               1175
   Number of wire bits:           1394
   Number of public wires:          10
   Number of public wire bits:     229
   Number of ports:                  9
   Number of port bits:            199
   Number of memories:               0
   Number of memory bits:            0
   Number of processes:              0
   Number of cells:               1227
     sky130_fd_sc_hd__a21oi_1       41
     sky130_fd_sc_hd__clkinv_1       2
     sky130_fd_sc_hd__dfrtp_1       32
     sky130_fd_sc_hd__dfstp_2       30
     sky130_fd_sc_hd__lpflow_inputiso1p_1      1
     sky130_fd_sc_hd__lpflow_isobufsrc_1      1
     sky130_fd_sc_hd__nand2_1       23
     sky130_fd_sc_hd__nor2_1        41
     sky130_fd_sc_hd__o21ai_0       19
     sky130_fd_sc_hd__xnor2_1      645
     sky130_fd_sc_hd__xnor3_1      147
     sky130_fd_sc_hd__xor2_1       211
     sky130_fd_sc_hd__xor3_1        34

   Chip area for module '\vibe_bcrc': 13765.702400
     of which used for sequential elements: 1589.024000 (11.54%)

