   Number of wires:               2927
   Number of wire bits:           5805
   Number of public wires:          14
   Number of public wire bits:    2892
   Number of ports:                  9
   Number of port bits:           1607
   Number of memories:               0
   Number of memory bits:            0
   Number of processes:              0
   Number of cells:               4199
     sky130_fd_sc_hd__a211o_1        1
     sky130_fd_sc_hd__a21o_1         2
     sky130_fd_sc_hd__a21oi_1      321
     sky130_fd_sc_hd__a22o_1       320
     sky130_fd_sc_hd__and2_0       320
     sky130_fd_sc_hd__and3_1         2
     sky130_fd_sc_hd__and4_1         1
     sky130_fd_sc_hd__clkinv_1     642
     sky130_fd_sc_hd__dfrtp_1     1284
     sky130_fd_sc_hd__dfstp_2        1
     sky130_fd_sc_hd__lpflow_isobufsrc_1      1
     sky130_fd_sc_hd__mux2_1       320
     sky130_fd_sc_hd__mux2i_1      640
     sky130_fd_sc_hd__nand2_1      324
     sky130_fd_sc_hd__nand2b_1       2
     sky130_fd_sc_hd__nand3_1        2
     sky130_fd_sc_hd__nand4_1        4
     sky130_fd_sc_hd__nor2_1         4
     sky130_fd_sc_hd__nor3_1         1
     sky130_fd_sc_hd__nor4bb_1       1
     sky130_fd_sc_hd__o21ai_0        3
     sky130_fd_sc_hd__o2bb2ai_1      2
     sky130_fd_sc_hd__or3_1          1
   Chip area for module '\vibe_pcs_tx_g1': 52371.478400
