
yosys> stat

3. Printing statistics.

=== vibe_pcs_tx_g1 ===

   Number of wires:                 97
   Number of wire bits:           8721
   Number of public wires:          14
   Number of public wire bits:    2892
   Number of ports:                  9
   Number of port bits:           1607
   Number of memories:               0
   Number of memory bits:            0
   Number of processes:              0
   Number of cells:                 94
     $adff                           2
     $adffe                          4
     $and                           10
     $eq                            11
     $logic_and                     12
     $logic_not                      6
     $logic_or                       2
     $mux                           31
     $ne                             5
     $not                            1
     $reduce_and                     3
     $reduce_bool                    3
     $reduce_or                      4

