
yosys> stat

3. Printing statistics.

=== vibe_dll_retry_ack_sm ===

   Number of wires:                 49
   Number of wire bits:            180
   Number of public wires:          14
   Number of public wire bits:      51
   Number of ports:                 11
   Number of port bits:             34
   Number of memories:               0
   Number of memory bits:            0
   Number of processes:              0
   Number of cells:                 37
     $adffe                          3
     $alu                            2
     $eq                             4
     $logic_and                      2
     $logic_not                      2
     $mux                           10
     $ne                             5
     $pmux                           3
     $reduce_and                     3
     $reduce_bool                    3

