
yosys> stat -liberty /workspace/scripts/synth/work/sky130_fd_sc_hd__tt_025C_1v80.lib

10. Printing statistics.

=== vibe_dll_retry_ack_sm ===

   Number of wires:                106
   Number of wire bits:            143
   Number of public wires:          14
   Number of public wire bits:      51
   Number of ports:                 11
   Number of port bits:             34
   Number of memories:               0
   Number of memory bits:            0
   Number of processes:              0
   Number of cells:                111
     sky130_fd_sc_hd__a211oi_1       1
     sky130_fd_sc_hd__a21oi_1       15
     sky130_fd_sc_hd__a22o_1         1
     sky130_fd_sc_hd__a22oi_1        1
     sky130_fd_sc_hd__a311oi_1       1
     sky130_fd_sc_hd__a31o_1         1
     sky130_fd_sc_hd__and2_0         1
     sky130_fd_sc_hd__and3_1         1
     sky130_fd_sc_hd__and4_1         1
     sky130_fd_sc_hd__clkinv_1       4
     sky130_fd_sc_hd__dfrtp_1       16
     sky130_fd_sc_hd__lpflow_inputiso1p_1      2
     sky130_fd_sc_hd__mux2_1         1
     sky130_fd_sc_hd__nand2_1       11
     sky130_fd_sc_hd__nand2b_1       5
     sky130_fd_sc_hd__nand3_1        2
     sky130_fd_sc_hd__nand4_1        1
     sky130_fd_sc_hd__nor2_1        13
     sky130_fd_sc_hd__nor3_1         3
     sky130_fd_sc_hd__nor4_1         3
     sky130_fd_sc_hd__o21ai_0       13
     sky130_fd_sc_hd__o21bai_1       1
     sky130_fd_sc_hd__o22a_1         1
     sky130_fd_sc_hd__o311ai_0       1
     sky130_fd_sc_hd__o31a_1         1
     sky130_fd_sc_hd__or4_1          1
     sky130_fd_sc_hd__xor2_1         9

   Chip area for module '\vibe_dll_retry_ack_sm': 933.395200
     of which used for sequential elements: 400.384000 (42.90%)

