   Number of wires:                185
   Number of wire bits:            226
   Number of public wires:          19
   Number of public wire bits:      60
   Number of ports:                 14
   Number of port bits:             20
   Number of memories:               0
   Number of memory bits:            0
   Number of processes:              0
   Number of cells:                211
     sky130_fd_sc_hd__a21boi_0       1
     sky130_fd_sc_hd__a21o_1         3
     sky130_fd_sc_hd__a21oi_1        9
     sky130_fd_sc_hd__a31oi_1        1
     sky130_fd_sc_hd__a32o_1         1
     sky130_fd_sc_hd__a41oi_1        1
     sky130_fd_sc_hd__and2_0         2
     sky130_fd_sc_hd__and3_1         1
     sky130_fd_sc_hd__and3b_1        1
     sky130_fd_sc_hd__and4b_1        1
     sky130_fd_sc_hd__clkinv_1       6
     sky130_fd_sc_hd__dfrtp_1       40
     sky130_fd_sc_hd__lpflow_inputiso1p_1      1
     sky130_fd_sc_hd__lpflow_isobufsrc_1      4
     sky130_fd_sc_hd__nand2_1       26
     sky130_fd_sc_hd__nand2b_1       3
     sky130_fd_sc_hd__nand3_1        2
     sky130_fd_sc_hd__nand4_1        3
     sky130_fd_sc_hd__nor2_1        25
     sky130_fd_sc_hd__nor3_1         6
     sky130_fd_sc_hd__nor3b_1        2
     sky130_fd_sc_hd__nor4_1         5
     sky130_fd_sc_hd__nor4b_1        3
     sky130_fd_sc_hd__o2111ai_1      1
     sky130_fd_sc_hd__o21a_1         3
     sky130_fd_sc_hd__o21ai_0       33
     sky130_fd_sc_hd__o21bai_1       2
     sky130_fd_sc_hd__o221ai_1       1
     sky130_fd_sc_hd__o22a_1         3
     sky130_fd_sc_hd__o2bb2ai_1      1
     sky130_fd_sc_hd__o31ai_1        5
     sky130_fd_sc_hd__o41ai_1        1
     sky130_fd_sc_hd__or3_1          1
     sky130_fd_sc_hd__or3b_1         2
     sky130_fd_sc_hd__or4_1          2
     sky130_fd_sc_hd__xnor2_1        6
     sky130_fd_sc_hd__xor2_1         3
   Chip area for module '\vibe_dll_retry_req_sm': 1953.123200
