   Number of wires:                181
   Number of wire bits:            250
   Number of public wires:           9
   Number of public wire bits:      78
   Number of ports:                  8
   Number of port bits:             46
   Number of memories:               0
   Number of memory bits:            0
   Number of processes:              0
   Number of cells:                237
     sky130_fd_sc_hd__a21oi_1        1
     sky130_fd_sc_hd__clkinv_1       1
     sky130_fd_sc_hd__dfrtp_1       33
     sky130_fd_sc_hd__dfstp_2       32
     sky130_fd_sc_hd__lpflow_inputiso1p_1      1
     sky130_fd_sc_hd__lpflow_isobufsrc_1      1
     sky130_fd_sc_hd__mux2_1         1
     sky130_fd_sc_hd__nand2_1       32
     sky130_fd_sc_hd__nand2b_1       1
     sky130_fd_sc_hd__nor2_1         1
     sky130_fd_sc_hd__o21ai_0       31
     sky130_fd_sc_hd__o22a_1        31
     sky130_fd_sc_hd__xnor2_1       42
     sky130_fd_sc_hd__xnor3_1        1
     sky130_fd_sc_hd__xor2_1        25
     sky130_fd_sc_hd__xor3_1         3
   Chip area for module '\vibe_icrc': 2936.566400
