   Number of wires:               8532
   Number of wire bits:          18001
   Number of public wires:          22
   Number of public wire bits:    6930
   Number of ports:                 15
   Number of port bits:           1162
   Number of memories:               0
   Number of memory bits:            0
   Number of processes:              0
   Number of cells:              16199
     sky130_fd_sc_hd__a2111o_1       1
     sky130_fd_sc_hd__a211oi_1       1
     sky130_fd_sc_hd__a21boi_0       1
     sky130_fd_sc_hd__a21oi_1      897
     sky130_fd_sc_hd__a22o_1         1
     sky130_fd_sc_hd__a22oi_1     2675
     sky130_fd_sc_hd__a2bb2oi_1     13
     sky130_fd_sc_hd__a31oi_1      257
     sky130_fd_sc_hd__a32o_1       128
     sky130_fd_sc_hd__a32oi_1      256
     sky130_fd_sc_hd__and2_0         2
     sky130_fd_sc_hd__and3_1         4
     sky130_fd_sc_hd__and3b_1        1
     sky130_fd_sc_hd__clkinv_1     129
     sky130_fd_sc_hd__dfrtp_1     5128
     sky130_fd_sc_hd__lpflow_inputiso1p_1    256
     sky130_fd_sc_hd__lpflow_isobufsrc_1      1
     sky130_fd_sc_hd__mux2_1      2049
     sky130_fd_sc_hd__mux2i_1      128
     sky130_fd_sc_hd__nand2_1      519
     sky130_fd_sc_hd__nand3_1        4
     sky130_fd_sc_hd__nor2_1       264
     sky130_fd_sc_hd__nor3_1       646
     sky130_fd_sc_hd__nor3b_1        3
     sky130_fd_sc_hd__nor4_1         1
     sky130_fd_sc_hd__nor4b_1        1
     sky130_fd_sc_hd__o21a_1       129
     sky130_fd_sc_hd__o21ai_0      517
     sky130_fd_sc_hd__o21bai_1       1
     sky130_fd_sc_hd__o22ai_1      269
     sky130_fd_sc_hd__o2bb2ai_1   1907
     sky130_fd_sc_hd__o31ai_1        1
     sky130_fd_sc_hd__or3_1          3
     sky130_fd_sc_hd__or4_1          1
     sky130_fd_sc_hd__or4b_1         1
     sky130_fd_sc_hd__xnor2_1        2
     sky130_fd_sc_hd__xor2_1         2
   Chip area for module '\vibe_pcs_rx_unpack': 212924.211200
