   Number of wires:                827
   Number of wire bits:           1371
   Number of public wires:          12
   Number of public wire bits:     556
   Number of ports:                  8
   Number of port bits:            294
   Number of memories:               0
   Number of memory bits:            0
   Number of processes:              0
   Number of cells:               1078
     sky130_fd_sc_hd__a211o_1        1
     sky130_fd_sc_hd__a21boi_0       1
     sky130_fd_sc_hd__a21o_1        32
     sky130_fd_sc_hd__a21oi_1       95
     sky130_fd_sc_hd__a221o_1       38
     sky130_fd_sc_hd__a221oi_1      24
     sky130_fd_sc_hd__a222oi_1     130
     sky130_fd_sc_hd__a22o_1         4
     sky130_fd_sc_hd__a22oi_1       64
     sky130_fd_sc_hd__a2bb2oi_1     32
     sky130_fd_sc_hd__a32o_1        32
     sky130_fd_sc_hd__and2_0         2
     sky130_fd_sc_hd__clkinv_1       1
     sky130_fd_sc_hd__dfrtp_1      261
     sky130_fd_sc_hd__dfstp_2        1
     sky130_fd_sc_hd__lpflow_isobufsrc_1      1
     sky130_fd_sc_hd__mux2_1         6
     sky130_fd_sc_hd__nand2_1       98
     sky130_fd_sc_hd__nand2b_1       1
     sky130_fd_sc_hd__nand3_1       90
     sky130_fd_sc_hd__nor2_1         3
     sky130_fd_sc_hd__nor3_1         1
     sky130_fd_sc_hd__o2111ai_1      1
     sky130_fd_sc_hd__o211ai_1       2
     sky130_fd_sc_hd__o21a_1         1
     sky130_fd_sc_hd__o21ai_0       91
     sky130_fd_sc_hd__o2bb2ai_1     64
     sky130_fd_sc_hd__or3_1          1
   Chip area for module '\vibe_gear_160_128': 12281.779200
