
yosys> stat

3. Printing statistics.

=== vibe_gear_160_128 ===

   Number of wires:                 42
   Number of wire bits:           1352
   Number of public wires:          14
   Number of public wire bits:     558
   Number of ports:                  8
   Number of port bits:            294
   Number of memories:               0
   Number of memory bits:            0
   Number of processes:              0
   Number of cells:                 39
     $adff                           1
     $adffe                          3
     $and                            9
     $eq                             1
     $logic_and                      4
     $logic_not                      2
     $logic_or                       1
     $mux                            7
     $not                            1
     $pmux                           2
     $reduce_bool                    2
     $reduce_or                      6

