
yosys> stat -liberty /workspace/scripts/synth/work/sky130_fd_sc_hd__tt_025C_1v80.lib

10. Printing statistics.

=== vibe_dll_credit ===

   Number of wires:                681
   Number of wire bits:            804
   Number of public wires:          21
   Number of public wire bits:     129
   Number of ports:                 16
   Number of port bits:             62
   Number of memories:               0
   Number of memory bits:            0
   Number of processes:              0
   Number of cells:                723
     sky130_fd_sc_hd__a211oi_1       3
     sky130_fd_sc_hd__a21bo_1        1
     sky130_fd_sc_hd__a21boi_0       1
     sky130_fd_sc_hd__a21o_1        11
     sky130_fd_sc_hd__a21oi_1       50
     sky130_fd_sc_hd__a221oi_1       1
     sky130_fd_sc_hd__a222oi_1       1
     sky130_fd_sc_hd__a22oi_1        6
     sky130_fd_sc_hd__a311oi_1       2
     sky130_fd_sc_hd__a31o_1         1
     sky130_fd_sc_hd__a31oi_1       10
     sky130_fd_sc_hd__a32oi_1        2
     sky130_fd_sc_hd__and2_0        10
     sky130_fd_sc_hd__and3_1        12
     sky130_fd_sc_hd__clkinv_1      33
     sky130_fd_sc_hd__dfrtp_1       45
     sky130_fd_sc_hd__lpflow_inputiso1p_1     11
     sky130_fd_sc_hd__lpflow_isobufsrc_1     10
     sky130_fd_sc_hd__maj3_1        28
     sky130_fd_sc_hd__mux2_1         5
     sky130_fd_sc_hd__mux2i_1        9
     sky130_fd_sc_hd__nand2_1       97
     sky130_fd_sc_hd__nand2b_1      14
     sky130_fd_sc_hd__nand3_1       18
     sky130_fd_sc_hd__nand4_1        3
     sky130_fd_sc_hd__nor2_1        81
     sky130_fd_sc_hd__nor2b_1        2
     sky130_fd_sc_hd__nor3_1        17
     sky130_fd_sc_hd__nor4_1         9
     sky130_fd_sc_hd__o211a_1        2
     sky130_fd_sc_hd__o211ai_1       8
     sky130_fd_sc_hd__o21a_1        10
     sky130_fd_sc_hd__o21ai_0       57
     sky130_fd_sc_hd__o21bai_1       2
     sky130_fd_sc_hd__o22a_1         1
     sky130_fd_sc_hd__o22ai_1        3
     sky130_fd_sc_hd__o311a_1        2
     sky130_fd_sc_hd__o311ai_0       1
     sky130_fd_sc_hd__o31a_1         1
     sky130_fd_sc_hd__o31ai_1        5
     sky130_fd_sc_hd__o32ai_1        1
     sky130_fd_sc_hd__o41a_1         1
     sky130_fd_sc_hd__or3_1          8
     sky130_fd_sc_hd__or4_1          3
     sky130_fd_sc_hd__xnor2_1       80
     sky130_fd_sc_hd__xnor3_1        1
     sky130_fd_sc_hd__xor2_1        44

   Chip area for module '\vibe_dll_credit': 5266.300800
     of which used for sequential elements: 1126.080000 (21.38%)

