   Number of wires:              37274
   Number of wire bits:         103764
   Number of public wires:         147
   Number of public wire bits:   66631
   Number of ports:                 12
   Number of port bits:           1049
   Number of memories:               0
   Number of memory bits:            0
   Number of processes:              0
   Number of cells:             103229
     sky130_fd_sc_hd__a2111oi_0    208
     sky130_fd_sc_hd__a211oi_1      54
     sky130_fd_sc_hd__a21boi_0      40
     sky130_fd_sc_hd__a21o_1         3
     sky130_fd_sc_hd__a21oi_1      596
     sky130_fd_sc_hd__a221o_1       79
     sky130_fd_sc_hd__a221oi_1    2107
     sky130_fd_sc_hd__a222oi_1   13246
     sky130_fd_sc_hd__a22o_1      2140
     sky130_fd_sc_hd__a22oi_1     7272
     sky130_fd_sc_hd__a311oi_1       1
     sky130_fd_sc_hd__a31oi_1       11
     sky130_fd_sc_hd__and2_0         5
     sky130_fd_sc_hd__and3_1       155
     sky130_fd_sc_hd__and4_1        99
     sky130_fd_sc_hd__clkinv_1      47
     sky130_fd_sc_hd__dfrtp_1       44
     sky130_fd_sc_hd__edfxtp_1   65536
     sky130_fd_sc_hd__lpflow_inputiso1p_1      9
     sky130_fd_sc_hd__lpflow_isobufsrc_1     10
     sky130_fd_sc_hd__maj3_1         4
     sky130_fd_sc_hd__nand2_1     2690
     sky130_fd_sc_hd__nand2b_1       7
     sky130_fd_sc_hd__nand3_1     2432
     sky130_fd_sc_hd__nand3b_1       4
     sky130_fd_sc_hd__nand4_1     4277
     sky130_fd_sc_hd__nand4b_1       1
     sky130_fd_sc_hd__nor2_1       544
     sky130_fd_sc_hd__nor2b_1        1
     sky130_fd_sc_hd__nor3_1       420
     sky130_fd_sc_hd__nor3b_1        3
     sky130_fd_sc_hd__nor4_1       846
     sky130_fd_sc_hd__nor4b_1        4
     sky130_fd_sc_hd__o211a_1        1
     sky130_fd_sc_hd__o211ai_1       3
     sky130_fd_sc_hd__o21a_1         3
     sky130_fd_sc_hd__o21ai_0       22
     sky130_fd_sc_hd__o22ai_1        5
     sky130_fd_sc_hd__o2bb2ai_1      1
     sky130_fd_sc_hd__o31ai_1        4
     sky130_fd_sc_hd__o32a_1         1
     sky130_fd_sc_hd__o41ai_1        3
     sky130_fd_sc_hd__or3_1         24
     sky130_fd_sc_hd__or4_1        218
     sky130_fd_sc_hd__or4b_1         1
     sky130_fd_sc_hd__xnor2_1       25
     sky130_fd_sc_hd__xor2_1        21
     sky130_fd_sc_hd__xor3_1         2
   Chip area for module '\vibe_saf_ing': 2263176.815998
