# Per-block cell counts extracted from Yosys stat.

vibe_afifo                    OK        cells=      10  mem=0
vibe_bcrc                     OK        cells=    1227  mem=0
vibe_cfg_space                FAIL      cells=       -  mem=-
vibe_cna_ep                   OK        cells=    3695  mem=0
vibe_dll_credit               OK        cells=     723  mem=0
vibe_dll_retry_ack_sm         OK        cells=     111  mem=0
vibe_dll_retry_buf            OK        cells=   65371  mem=0
vibe_dll_retry_req_sm         OK        cells=     211  mem=0
vibe_dll_rx                   OK        cells=   25611  mem=0
vibe_dll_sm                   OK        cells=      10  mem=0
vibe_dll_tx                   OK        cells=   25085  mem=0
vibe_ebch16                   OK        cells=       1  mem=0
vibe_fabric                   FAIL      cells=       -  mem=-
vibe_fecn_mark                OK        cells=      12  mem=0
vibe_gear_128_160             OK        cells=    1593  mem=0
vibe_gear_160_128             OK        cells=    1078  mem=0
vibe_icrc                     OK        cells=     237  mem=0
vibe_irq_agg                  OK        cells=      11  mem=0
vibe_lmsm                     OK        cells=     251  mem=0
vibe_mgmt                     FAIL      cells=       -  mem=-
vibe_mgmt_byp                 OK        cells=   12930  mem=0
vibe_nw_adapt                 OK        cells=     515  mem=0
vibe_pcs_rx_amctl_lock        OK        cells=       1  mem=0
vibe_pcs_rx_deskew            OK        cells=      26  mem=0
vibe_pcs_rx_unpack            OK        cells=   16199  mem=0
vibe_pcs_scramble             OK        cells=    1006  mem=0
vibe_pcs_tx_amctl             OK        cells=       1  mem=0
vibe_pcs_tx_cw2beat           OK        cells=    2569  mem=0
vibe_pcs_tx_g1                OK        cells=    4199  mem=0
vibe_pma_bnd                  OK        cells=    1024  mem=0
vibe_port_sel                 OK        cells=     338  mem=0
vibe_route_lu                 FAIL      cells=       -  mem=-
vibe_rs128_120_dec            OK        cells=    6238  mem=0
vibe_rs128_120_enc            OK        cells=     424  mem=0
vibe_rst_ctl                  OK        cells=      65  mem=0
vibe_rst_sync                 OK        cells=       2  mem=0
vibe_saf_ing                  OK        cells=  103229  mem=0
vibe_sync2                    OK        cells=      10  mem=0
vibe_vl_rr                    OK        cells=     589  mem=0
vibe_voq_egr                  TIMEOUT   cells=       -  mem=-
vibe_xbar                     FAIL      cells=       -  mem=-
