# Blocks that completed Yosys stat (see blocks/<name>/hierarchy.rpt)
OK vibe_sync2
OK vibe_rst_sync
OK vibe_gear_160_128
OK vibe_gear_128_160
OK vibe_afifo
OK vibe_pma_bnd
OK vibe_ebch16
OK vibe_pcs_scramble
OK vibe_pcs_tx_amctl
OK vibe_pcs_tx_g1
OK vibe_pcs_tx_cw2beat
OK vibe_pcs_rx_amctl_lock
OK vibe_pcs_rx_deskew
OK vibe_pcs_rx_unpack
OK vibe_lmsm
OK vibe_bcrc
OK vibe_dll_sm
OK vibe_dll_credit
OK vibe_dll_retry_req_sm
OK vibe_dll_retry_ack_sm
OK vibe_dll_retry_buf
OK vibe_dll_rx
OK vibe_dll_tx
OK vibe_icrc
OK vibe_nw_adapt
OK vibe_irq_agg
OK vibe_mgmt_byp
OK vibe_rst_ctl
OK vibe_port_sel
OK vibe_saf_ing
OK vibe_vl_rr
OK vibe_fecn_mark
OK vibe_rs128_120_enc
OK vibe_rs128_120_dec
OK vibe_cna_ep
