   Number of wires:              22400
   Number of wire bits:          27371
   Number of public wires:          67
   Number of public wire bits:    5038
   Number of ports:                 17
   Number of port bits:           1806
   Number of memories:               0
   Number of memory bits:            0
   Number of processes:              0
   Number of cells:              25611
     sky130_fd_sc_hd__a2111oi_0      2
     sky130_fd_sc_hd__a211o_1       25
     sky130_fd_sc_hd__a211oi_1     381
     sky130_fd_sc_hd__a21bo_1        1
     sky130_fd_sc_hd__a21boi_0       9
     sky130_fd_sc_hd__a21o_1        36
     sky130_fd_sc_hd__a21oi_1     2245
     sky130_fd_sc_hd__a221o_1       19
     sky130_fd_sc_hd__a221oi_1      28
     sky130_fd_sc_hd__a222oi_1      28
     sky130_fd_sc_hd__a22o_1       105
     sky130_fd_sc_hd__a22oi_1       63
     sky130_fd_sc_hd__a2bb2oi_1     35
     sky130_fd_sc_hd__a311oi_1       7
     sky130_fd_sc_hd__a31o_1         1
     sky130_fd_sc_hd__a31oi_1      340
     sky130_fd_sc_hd__a32o_1        10
     sky130_fd_sc_hd__a32oi_1        5
     sky130_fd_sc_hd__a41o_1         1
     sky130_fd_sc_hd__a41oi_1        1
     sky130_fd_sc_hd__and2_0        87
     sky130_fd_sc_hd__and3_1       135
     sky130_fd_sc_hd__and4_1         2
     sky130_fd_sc_hd__buf_1         32
     sky130_fd_sc_hd__clkinv_1      19
     sky130_fd_sc_hd__dfrtp_1     3277
     sky130_fd_sc_hd__lpflow_inputiso1p_1     81
     sky130_fd_sc_hd__lpflow_isobufsrc_1     13
     sky130_fd_sc_hd__maj3_1         3
     sky130_fd_sc_hd__mux2_1      1261
     sky130_fd_sc_hd__mux2i_1     3862
     sky130_fd_sc_hd__mux4_2        11
     sky130_fd_sc_hd__nand2_1     4980
     sky130_fd_sc_hd__nand2b_1      20
     sky130_fd_sc_hd__nand3_1      299
     sky130_fd_sc_hd__nand4_1       23
     sky130_fd_sc_hd__nor2_1      3521
     sky130_fd_sc_hd__nor2b_1        1
     sky130_fd_sc_hd__nor3_1       612
     sky130_fd_sc_hd__nor3b_1        1
     sky130_fd_sc_hd__nor4_1        44
     sky130_fd_sc_hd__nor4bb_1       1
     sky130_fd_sc_hd__o2111ai_1      2
     sky130_fd_sc_hd__o211a_1        3
     sky130_fd_sc_hd__o211ai_1      92
     sky130_fd_sc_hd__o21a_1       226
     sky130_fd_sc_hd__o21ai_0     2378
     sky130_fd_sc_hd__o21bai_1      24
     sky130_fd_sc_hd__o221ai_1      55
     sky130_fd_sc_hd__o22a_1       137
     sky130_fd_sc_hd__o22ai_1      447
     sky130_fd_sc_hd__o2bb2ai_1     15
     sky130_fd_sc_hd__o311ai_0      48
     sky130_fd_sc_hd__o31a_1         3
     sky130_fd_sc_hd__o31ai_1      296
     sky130_fd_sc_hd__o32a_1         1
     sky130_fd_sc_hd__o32ai_1      156
     sky130_fd_sc_hd__o41ai_1       17
     sky130_fd_sc_hd__or3_1         47
     sky130_fd_sc_hd__or4_1          3
     sky130_fd_sc_hd__xnor2_1       21
     sky130_fd_sc_hd__xor2_1        13
   Chip area for module '\vibe_dll_rx': 217750.089600
