   Number of wires:                 58
   Number of wire bits:             77
   Number of public wires:          13
   Number of public wire bits:      32
   Number of ports:                  6
   Number of port bits:             12
   Number of memories:               0
   Number of memory bits:            0
   Number of processes:              0
   Number of cells:                 65
     sky130_fd_sc_hd__a21o_1         5
     sky130_fd_sc_hd__a21oi_1        5
     sky130_fd_sc_hd__clkinv_1       5
     sky130_fd_sc_hd__dfrtp_1       20
     sky130_fd_sc_hd__nand2b_1       5
     sky130_fd_sc_hd__nor2_1         5
     sky130_fd_sc_hd__o21ai_0        5
     sky130_fd_sc_hd__o21bai_1       5
     sky130_fd_sc_hd__o31ai_1        5
     sky130_fd_sc_hd__or3b_1         5
   Chip area for module '\vibe_rst_ctl': 775.744000
