   Number of wires:               4240
   Number of wire bits:          13446
   Number of public wires:          26
   Number of public wire bits:    9232
   Number of ports:                  8
   Number of port bits:           1030
   Number of memories:               0
   Number of memory bits:            0
   Number of processes:              0
   Number of cells:              12930
     sky130_fd_sc_hd__a211o_1       79
     sky130_fd_sc_hd__a21oi_1       31
     sky130_fd_sc_hd__a221o_1       40
     sky130_fd_sc_hd__a221oi_1     306
     sky130_fd_sc_hd__a222oi_1    1495
     sky130_fd_sc_hd__a22o_1       275
     sky130_fd_sc_hd__a22oi_1     1058
     sky130_fd_sc_hd__a31oi_1        1
     sky130_fd_sc_hd__a41o_1         1
     sky130_fd_sc_hd__and2_0         1
     sky130_fd_sc_hd__and4_1       209
     sky130_fd_sc_hd__and4b_1        4
     sky130_fd_sc_hd__clkinv_1       3
     sky130_fd_sc_hd__dfrtp_1       10
     sky130_fd_sc_hd__edfxtp_1    8192
     sky130_fd_sc_hd__lpflow_inputiso1p_1    106
     sky130_fd_sc_hd__mux2_1         1
     sky130_fd_sc_hd__nand2_1      353
     sky130_fd_sc_hd__nand2b_1       5
     sky130_fd_sc_hd__nand3_1      426
     sky130_fd_sc_hd__nand4_1      259
     sky130_fd_sc_hd__nand4b_1       2
     sky130_fd_sc_hd__nor2_1        34
     sky130_fd_sc_hd__nor2b_1        1
     sky130_fd_sc_hd__nor3_1         7
     sky130_fd_sc_hd__nor4_1         1
     sky130_fd_sc_hd__nor4b_1        4
     sky130_fd_sc_hd__nor4bb_1       5
     sky130_fd_sc_hd__o21ai_0        2
     sky130_fd_sc_hd__o41a_1         1
     sky130_fd_sc_hd__o41ai_1        1
     sky130_fd_sc_hd__or4_1          2
     sky130_fd_sc_hd__xnor2_1        6
     sky130_fd_sc_hd__xor2_1         9
   Chip area for module '\vibe_mgmt_byp': 283630.774400
