
 /----------------------------------------------------------------------------\
 |  yosys -- Yosys Open SYnthesis Suite                                       |
 |  Copyright (C) 2012 - 2025  Claire Xenia Wolf <claire@yosyshq.com>         |
 |  Distributed under an ISC-like license, type "license" to see terms        |
 \----------------------------------------------------------------------------/
 Yosys 0.54+29 (git sha1 7b0c1fe49, clang++ 18.1.8 -fPIC -O3)

-- Executing script file `/workspace/scripts/synth/work/blocks/vibe_mgmt_byp/vibe_mgmt_byp.ys' --
Disabled timestamp in logs.
echo on

yosys> read_verilog -sv -I /workspace/rtl/common /workspace/rtl/mgmt/vibe_mgmt_byp.sv

1. Executing Verilog-2005 frontend: /workspace/rtl/mgmt/vibe_mgmt_byp.sv
Parsing SystemVerilog input from `/workspace/rtl/mgmt/vibe_mgmt_byp.sv' to AST representation.
Generating RTLIL representation for module `\vibe_mgmt_byp'.
Warning: Replacing memory \mem with list of registers. See /workspace/rtl/mgmt/vibe_mgmt_byp.sv:25
Successfully finished Verilog frontend.

yosys> synth -top vibe_mgmt_byp -run :fine

2. Executing SYNTH pass.

yosys> hierarchy -check -top vibe_mgmt_byp

2.1. Executing HIERARCHY pass (managing design hierarchy).

2.1.1. Analyzing design hierarchy..
Top module:  \vibe_mgmt_byp

2.1.2. Analyzing design hierarchy..
Top module:  \vibe_mgmt_byp
Removed 0 unused modules.

yosys> proc

2.2. Executing PROC pass (convert processes to netlists).

yosys> proc_clean

2.2.1. Executing PROC_CLEAN pass (remove empty switches from decision trees).
Cleaned up 0 empty switches.

yosys> proc_rmdead

2.2.2. Executing PROC_RMDEAD pass (remove dead branches from decision trees).
Removed 1 dead cases from process $proc$/workspace/rtl/mgmt/vibe_mgmt_byp.sv:0$18 in module vibe_mgmt_byp.
Marked 1 switch rules as full_case in process $proc$/workspace/rtl/mgmt/vibe_mgmt_byp.sv:0$18 in module vibe_mgmt_byp.
Marked 3 switch rules as full_case in process $proc$/workspace/rtl/mgmt/vibe_mgmt_byp.sv:19$6 in module vibe_mgmt_byp.
Removed a total of 1 dead cases.

yosys> proc_prune

2.2.3. Executing PROC_PRUNE pass (remove redundant assignments in processes).
Removed 0 redundant assignments.
Promoted 3 assignments to connections.

yosys> proc_init

2.2.4. Executing PROC_INIT pass (extract init attributes).

yosys> proc_arst

2.2.5. Executing PROC_ARST pass (detect async resets in processes).
Found async reset \rst_n in `\vibe_mgmt_byp.$proc$/workspace/rtl/mgmt/vibe_mgmt_byp.sv:19$6'.

yosys> proc_rom

2.2.6. Executing PROC_ROM pass (convert switches to ROMs).
Converted 0 switches.
<suppressed ~4 debug messages>

yosys> proc_mux

2.2.7. Executing PROC_MUX pass (convert decision trees to multiplexers).
Creating decoders for process `\vibe_mgmt_byp.$proc$/workspace/rtl/mgmt/vibe_mgmt_byp.sv:0$18'.
     1/1: $1$mem2reg_rd$\mem$/workspace/rtl/mgmt/vibe_mgmt_byp.sv:18$1_DATA[511:0]$20
Creating decoders for process `\vibe_mgmt_byp.$proc$/workspace/rtl/mgmt/vibe_mgmt_byp.sv:19$6'.
     1/22: $2$mem2reg_wr$\mem$/workspace/rtl/mgmt/vibe_mgmt_byp.sv:25$2_ADDR[3:0]$13
     2/22: $2$mem2reg_wr$\mem$/workspace/rtl/mgmt/vibe_mgmt_byp.sv:25$2_DATA[511:0]$14
     3/22: $1$mem2reg_wr$\mem$/workspace/rtl/mgmt/vibe_mgmt_byp.sv:25$2_DATA[511:0]$11
     4/22: $1$mem2reg_wr$\mem$/workspace/rtl/mgmt/vibe_mgmt_byp.sv:25$2_ADDR[3:0]$10
     5/22: $0\mem[15][511:0]
     6/22: $0\mem[14][511:0]
     7/22: $0\mem[13][511:0]
     8/22: $0\mem[12][511:0]
     9/22: $0\mem[11][511:0]
    10/22: $0\mem[10][511:0]
    11/22: $0\mem[9][511:0]
    12/22: $0\mem[8][511:0]
    13/22: $0\mem[7][511:0]
    14/22: $0\mem[6][511:0]
    15/22: $0\mem[5][511:0]
    16/22: $0\mem[4][511:0]
    17/22: $0\mem[3][511:0]
    18/22: $0\mem[2][511:0]
    19/22: $0\mem[1][511:0]
    20/22: $0\mem[0][511:0]
    21/22: $0\rptr[4:0]
    22/22: $0\wptr[4:0]

yosys> proc_dlatch

2.2.8. Executing PROC_DLATCH pass (convert process syncs to latches).
No latch inferred for signal `\vibe_mgmt_byp.$mem2reg_rd$\mem$/workspace/rtl/mgmt/vibe_mgmt_byp.sv:18$1_DATA' from process `\vibe_mgmt_byp.$proc$/workspace/rtl/mgmt/vibe_mgmt_byp.sv:0$18'.

yosys> proc_dff

2.2.9. Executing PROC_DFF pass (convert process syncs to FFs).
Creating register for signal `\vibe_mgmt_byp.\wptr' using process `\vibe_mgmt_byp.$proc$/workspace/rtl/mgmt/vibe_mgmt_byp.sv:19$6'.
  created $adff cell `$procdff$253' with positive edge clock and positive level reset.
Creating register for signal `\vibe_mgmt_byp.\rptr' using process `\vibe_mgmt_byp.$proc$/workspace/rtl/mgmt/vibe_mgmt_byp.sv:19$6'.
  created $adff cell `$procdff$258' with positive edge clock and positive level reset.
Creating register for signal `\vibe_mgmt_byp.\mem[0]' using process `\vibe_mgmt_byp.$proc$/workspace/rtl/mgmt/vibe_mgmt_byp.sv:19$6'.
  created $dff cell `$procdff$265' with positive edge clock.
Creating register for signal `\vibe_mgmt_byp.\mem[1]' using process `\vibe_mgmt_byp.$proc$/workspace/rtl/mgmt/vibe_mgmt_byp.sv:19$6'.
  created $dff cell `$procdff$272' with positive edge clock.
Creating register for signal `\vibe_mgmt_byp.\mem[2]' using process `\vibe_mgmt_byp.$proc$/workspace/rtl/mgmt/vibe_mgmt_byp.sv:19$6'.
  created $dff cell `$procdff$279' with positive edge clock.
Creating register for signal `\vibe_mgmt_byp.\mem[3]' using process `\vibe_mgmt_byp.$proc$/workspace/rtl/mgmt/vibe_mgmt_byp.sv:19$6'.
  created $dff cell `$procdff$286' with positive edge clock.
Creating register for signal `\vibe_mgmt_byp.\mem[4]' using process `\vibe_mgmt_byp.$proc$/workspace/rtl/mgmt/vibe_mgmt_byp.sv:19$6'.
  created $dff cell `$procdff$293' with positive edge clock.
Creating register for signal `\vibe_mgmt_byp.\mem[5]' using process `\vibe_mgmt_byp.$proc$/workspace/rtl/mgmt/vibe_mgmt_byp.sv:19$6'.
  created $dff cell `$procdff$300' with positive edge clock.
Creating register for signal `\vibe_mgmt_byp.\mem[6]' using process `\vibe_mgmt_byp.$proc$/workspace/rtl/mgmt/vibe_mgmt_byp.sv:19$6'.
  created $dff cell `$procdff$307' with positive edge clock.
Creating register for signal `\vibe_mgmt_byp.\mem[7]' using process `\vibe_mgmt_byp.$proc$/workspace/rtl/mgmt/vibe_mgmt_byp.sv:19$6'.
  created $dff cell `$procdff$314' with positive edge clock.
Creating register for signal `\vibe_mgmt_byp.\mem[8]' using process `\vibe_mgmt_byp.$proc$/workspace/rtl/mgmt/vibe_mgmt_byp.sv:19$6'.
  created $dff cell `$procdff$321' with positive edge clock.
Creating register for signal `\vibe_mgmt_byp.\mem[9]' using process `\vibe_mgmt_byp.$proc$/workspace/rtl/mgmt/vibe_mgmt_byp.sv:19$6'.
  created $dff cell `$procdff$328' with positive edge clock.
Creating register for signal `\vibe_mgmt_byp.\mem[10]' using process `\vibe_mgmt_byp.$proc$/workspace/rtl/mgmt/vibe_mgmt_byp.sv:19$6'.
  created $dff cell `$procdff$335' with positive edge clock.
Creating register for signal `\vibe_mgmt_byp.\mem[11]' using process `\vibe_mgmt_byp.$proc$/workspace/rtl/mgmt/vibe_mgmt_byp.sv:19$6'.
  created $dff cell `$procdff$342' with positive edge clock.
Creating register for signal `\vibe_mgmt_byp.\mem[12]' using process `\vibe_mgmt_byp.$proc$/workspace/rtl/mgmt/vibe_mgmt_byp.sv:19$6'.
  created $dff cell `$procdff$349' with positive edge clock.
Creating register for signal `\vibe_mgmt_byp.\mem[13]' using process `\vibe_mgmt_byp.$proc$/workspace/rtl/mgmt/vibe_mgmt_byp.sv:19$6'.
  created $dff cell `$procdff$356' with positive edge clock.
Creating register for signal `\vibe_mgmt_byp.\mem[14]' using process `\vibe_mgmt_byp.$proc$/workspace/rtl/mgmt/vibe_mgmt_byp.sv:19$6'.
  created $dff cell `$procdff$363' with positive edge clock.
Creating register for signal `\vibe_mgmt_byp.\mem[15]' using process `\vibe_mgmt_byp.$proc$/workspace/rtl/mgmt/vibe_mgmt_byp.sv:19$6'.
  created $dff cell `$procdff$370' with positive edge clock.
Creating register for signal `\vibe_mgmt_byp.$mem2reg_wr$\mem$/workspace/rtl/mgmt/vibe_mgmt_byp.sv:25$2_ADDR' using process `\vibe_mgmt_byp.$proc$/workspace/rtl/mgmt/vibe_mgmt_byp.sv:19$6'.
  created $adff cell `$procdff$375' with positive edge clock and positive level reset.
Creating register for signal `\vibe_mgmt_byp.$mem2reg_wr$\mem$/workspace/rtl/mgmt/vibe_mgmt_byp.sv:25$2_DATA' using process `\vibe_mgmt_byp.$proc$/workspace/rtl/mgmt/vibe_mgmt_byp.sv:19$6'.
  created $adff cell `$procdff$380' with positive edge clock and positive level reset.

yosys> proc_memwr

2.2.10. Executing PROC_MEMWR pass (convert process memory writes to cells).

yosys> proc_clean

2.2.11. Executing PROC_CLEAN pass (remove empty switches from decision trees).
Found and cleaned up 1 empty switch in `\vibe_mgmt_byp.$proc$/workspace/rtl/mgmt/vibe_mgmt_byp.sv:0$18'.
Removing empty process `vibe_mgmt_byp.$proc$/workspace/rtl/mgmt/vibe_mgmt_byp.sv:0$18'.
Found and cleaned up 3 empty switches in `\vibe_mgmt_byp.$proc$/workspace/rtl/mgmt/vibe_mgmt_byp.sv:19$6'.
Removing empty process `vibe_mgmt_byp.$proc$/workspace/rtl/mgmt/vibe_mgmt_byp.sv:19$6'.
Cleaned up 4 empty switches.

yosys> opt_expr -keepdc

2.2.12. Executing OPT_EXPR pass (perform const folding).
Optimizing module vibe_mgmt_byp.
<suppressed ~42 debug messages>

yosys> opt_expr

2.3. Executing OPT_EXPR pass (perform const folding).
Optimizing module vibe_mgmt_byp.

yosys> opt_clean

2.4. Executing OPT_CLEAN pass (remove unused cells and wires).
Finding unused cells or wires in module \vibe_mgmt_byp..
Removed 25 unused cells and 96 unused wires.
<suppressed ~26 debug messages>

yosys> check

2.5. Executing CHECK pass (checking for obvious problems).
Checking module vibe_mgmt_byp...
Found and reported 0 problems.

yosys> opt -nodffe -nosdff

2.6. Executing OPT pass (performing simple optimizations).

yosys> opt_expr

2.6.1. Executing OPT_EXPR pass (perform const folding).
Optimizing module vibe_mgmt_byp.

yosys> opt_merge -nomux

2.6.2. Executing OPT_MERGE pass (detect identical cells).
Finding identical cells in module `\vibe_mgmt_byp'.
<suppressed ~3 debug messages>
Removed a total of 1 cells.

yosys> opt_muxtree

2.6.3. Executing OPT_MUXTREE pass (detect dead branches in mux trees).
Running muxtree optimizer on module \vibe_mgmt_byp..
  Creating internal representation of mux trees.
  Evaluating internal representation of mux trees.
  Analyzing evaluation results.
Removed 0 multiplexer ports.
<suppressed ~19 debug messages>

yosys> opt_reduce

2.6.4. Executing OPT_REDUCE pass (consolidate $*mux and $reduce_* inputs).
  Optimizing cells in module \vibe_mgmt_byp.
Performed a total of 0 changes.

yosys> opt_merge

2.6.5. Executing OPT_MERGE pass (detect identical cells).
Finding identical cells in module `\vibe_mgmt_byp'.
Removed a total of 0 cells.

yosys> opt_dff -nodffe -nosdff

2.6.6. Executing OPT_DFF pass (perform DFF optimizations).

yosys> opt_clean

2.6.7. Executing OPT_CLEAN pass (remove unused cells and wires).
Finding unused cells or wires in module \vibe_mgmt_byp..
Removed 0 unused cells and 1 unused wires.
<suppressed ~1 debug messages>

yosys> opt_expr

2.6.8. Executing OPT_EXPR pass (perform const folding).
Optimizing module vibe_mgmt_byp.

2.6.9. Rerunning OPT passes. (Maybe there is more to do..)

yosys> opt_muxtree

2.6.10. Executing OPT_MUXTREE pass (detect dead branches in mux trees).
Running muxtree optimizer on module \vibe_mgmt_byp..
  Creating internal representation of mux trees.
  Evaluating internal representation of mux trees.
  Analyzing evaluation results.
Removed 0 multiplexer ports.
<suppressed ~19 debug messages>

yosys> opt_reduce

2.6.11. Executing OPT_REDUCE pass (consolidate $*mux and $reduce_* inputs).
  Optimizing cells in module \vibe_mgmt_byp.
Performed a total of 0 changes.

yosys> opt_merge

2.6.12. Executing OPT_MERGE pass (detect identical cells).
Finding identical cells in module `\vibe_mgmt_byp'.
Removed a total of 0 cells.

yosys> opt_dff -nodffe -nosdff

2.6.13. Executing OPT_DFF pass (perform DFF optimizations).

yosys> opt_clean

2.6.14. Executing OPT_CLEAN pass (remove unused cells and wires).
Finding unused cells or wires in module \vibe_mgmt_byp..

yosys> opt_expr

2.6.15. Executing OPT_EXPR pass (perform const folding).
Optimizing module vibe_mgmt_byp.

2.6.16. Finished OPT passes. (There is nothing left to do.)

yosys> fsm

2.7. Executing FSM pass (extract and optimize FSM).

yosys> fsm_detect

2.7.1. Executing FSM_DETECT pass (finding FSMs in design).

yosys> fsm_extract

2.7.2. Executing FSM_EXTRACT pass (extracting FSM from design).

yosys> fsm_opt

2.7.3. Executing FSM_OPT pass (simple optimizations of FSMs).

yosys> opt_clean

2.7.4. Executing OPT_CLEAN pass (remove unused cells and wires).
Finding unused cells or wires in module \vibe_mgmt_byp..

yosys> fsm_opt

2.7.5. Executing FSM_OPT pass (simple optimizations of FSMs).

yosys> fsm_recode

2.7.6. Executing FSM_RECODE pass (re-assigning FSM state encoding).

yosys> fsm_info

2.7.7. Executing FSM_INFO pass (dumping all available information on FSM cells).

yosys> fsm_map

2.7.8. Executing FSM_MAP pass (mapping FSMs to basic logic).

yosys> opt

2.8. Executing OPT pass (performing simple optimizations).

yosys> opt_expr

2.8.1. Executing OPT_EXPR pass (perform const folding).
Optimizing module vibe_mgmt_byp.

yosys> opt_merge -nomux

2.8.2. Executing OPT_MERGE pass (detect identical cells).
Finding identical cells in module `\vibe_mgmt_byp'.
Removed a total of 0 cells.

yosys> opt_muxtree

2.8.3. Executing OPT_MUXTREE pass (detect dead branches in mux trees).
Running muxtree optimizer on module \vibe_mgmt_byp..
  Creating internal representation of mux trees.
  Evaluating internal representation of mux trees.
  Analyzing evaluation results.
Removed 0 multiplexer ports.
<suppressed ~19 debug messages>

yosys> opt_reduce

2.8.4. Executing OPT_REDUCE pass (consolidate $*mux and $reduce_* inputs).
  Optimizing cells in module \vibe_mgmt_byp.
Performed a total of 0 changes.

yosys> opt_merge

2.8.5. Executing OPT_MERGE pass (detect identical cells).
Finding identical cells in module `\vibe_mgmt_byp'.
Removed a total of 0 cells.

yosys> opt_dff

2.8.6. Executing OPT_DFF pass (perform DFF optimizations).
Adding EN signal on $procdff$370 ($dff) from module vibe_mgmt_byp (D = \in_data, Q = \mem[15]).
Adding EN signal on $procdff$363 ($dff) from module vibe_mgmt_byp (D = \in_data, Q = \mem[14]).
Adding EN signal on $procdff$356 ($dff) from module vibe_mgmt_byp (D = \in_data, Q = \mem[13]).
Adding EN signal on $procdff$349 ($dff) from module vibe_mgmt_byp (D = \in_data, Q = \mem[12]).
Adding EN signal on $procdff$342 ($dff) from module vibe_mgmt_byp (D = \in_data, Q = \mem[11]).
Adding EN signal on $procdff$335 ($dff) from module vibe_mgmt_byp (D = \in_data, Q = \mem[10]).
Adding EN signal on $procdff$328 ($dff) from module vibe_mgmt_byp (D = \in_data, Q = \mem[9]).
Adding EN signal on $procdff$321 ($dff) from module vibe_mgmt_byp (D = \in_data, Q = \mem[8]).
Adding EN signal on $procdff$314 ($dff) from module vibe_mgmt_byp (D = \in_data, Q = \mem[7]).
Adding EN signal on $procdff$307 ($dff) from module vibe_mgmt_byp (D = \in_data, Q = \mem[6]).
Adding EN signal on $procdff$300 ($dff) from module vibe_mgmt_byp (D = \in_data, Q = \mem[5]).
Adding EN signal on $procdff$293 ($dff) from module vibe_mgmt_byp (D = \in_data, Q = \mem[4]).
Adding EN signal on $procdff$286 ($dff) from module vibe_mgmt_byp (D = \in_data, Q = \mem[3]).
Adding EN signal on $procdff$279 ($dff) from module vibe_mgmt_byp (D = \in_data, Q = \mem[2]).
Adding EN signal on $procdff$272 ($dff) from module vibe_mgmt_byp (D = \in_data, Q = \mem[1]).
Adding EN signal on $procdff$265 ($dff) from module vibe_mgmt_byp (D = \in_data, Q = \mem[0]).
Adding EN signal on $procdff$258 ($adff) from module vibe_mgmt_byp (D = $add$/workspace/rtl/mgmt/vibe_mgmt_byp.sv:29$17_Y, Q = \rptr).
Adding EN signal on $procdff$253 ($adff) from module vibe_mgmt_byp (D = $add$/workspace/rtl/mgmt/vibe_mgmt_byp.sv:16$3_Y, Q = \wptr).

yosys> opt_clean

2.8.7. Executing OPT_CLEAN pass (remove unused cells and wires).
Finding unused cells or wires in module \vibe_mgmt_byp..
Removed 50 unused cells and 50 unused wires.
<suppressed ~51 debug messages>

yosys> opt_expr

2.8.8. Executing OPT_EXPR pass (perform const folding).
Optimizing module vibe_mgmt_byp.

2.8.9. Rerunning OPT passes. (Maybe there is more to do..)

yosys> opt_muxtree

2.8.10. Executing OPT_MUXTREE pass (detect dead branches in mux trees).
Running muxtree optimizer on module \vibe_mgmt_byp..
  Creating internal representation of mux trees.
  Evaluating internal representation of mux trees.
  Analyzing evaluation results.
Removed 0 multiplexer ports.
<suppressed ~1 debug messages>

yosys> opt_reduce

2.8.11. Executing OPT_REDUCE pass (consolidate $*mux and $reduce_* inputs).
  Optimizing cells in module \vibe_mgmt_byp.
Performed a total of 0 changes.

yosys> opt_merge

2.8.12. Executing OPT_MERGE pass (detect identical cells).
Finding identical cells in module `\vibe_mgmt_byp'.
Removed a total of 0 cells.

yosys> opt_dff

2.8.13. Executing OPT_DFF pass (perform DFF optimizations).

yosys> opt_clean

2.8.14. Executing OPT_CLEAN pass (remove unused cells and wires).
Finding unused cells or wires in module \vibe_mgmt_byp..

yosys> opt_expr

2.8.15. Executing OPT_EXPR pass (perform const folding).
Optimizing module vibe_mgmt_byp.

2.8.16. Finished OPT passes. (There is nothing left to do.)

yosys> wreduce

2.9. Executing WREDUCE pass (reducing word size of cells).
Removed top 4 bits (of 5) from port B of cell vibe_mgmt_byp.$add$/workspace/rtl/mgmt/vibe_mgmt_byp.sv:16$3 ($add).
Removed top 4 bits (of 5) from port B of cell vibe_mgmt_byp.$add$/workspace/rtl/mgmt/vibe_mgmt_byp.sv:29$17 ($add).
Removed top 1 bits (of 4) from port B of cell vibe_mgmt_byp.$procmux$30_CMP0 ($eq).
Removed top 1 bits (of 4) from port B of cell vibe_mgmt_byp.$procmux$31_CMP0 ($eq).
Removed top 1 bits (of 4) from port B of cell vibe_mgmt_byp.$procmux$32_CMP0 ($eq).
Removed top 1 bits (of 4) from port B of cell vibe_mgmt_byp.$procmux$33_CMP0 ($eq).
Removed top 2 bits (of 4) from port B of cell vibe_mgmt_byp.$procmux$34_CMP0 ($eq).
Removed top 2 bits (of 4) from port B of cell vibe_mgmt_byp.$procmux$35_CMP0 ($eq).
Removed top 3 bits (of 4) from port B of cell vibe_mgmt_byp.$procmux$36_CMP0 ($eq).
Removed top 1 bits (of 4) from port B of cell vibe_mgmt_byp.$procmux$122_CMP0 ($eq).
Removed top 1 bits (of 4) from port B of cell vibe_mgmt_byp.$procmux$136_CMP0 ($eq).
Removed top 1 bits (of 4) from port B of cell vibe_mgmt_byp.$procmux$151_CMP0 ($eq).
Removed top 1 bits (of 4) from port B of cell vibe_mgmt_byp.$procmux$167_CMP0 ($eq).
Removed top 2 bits (of 4) from port B of cell vibe_mgmt_byp.$procmux$184_CMP0 ($eq).
Removed top 2 bits (of 4) from port B of cell vibe_mgmt_byp.$procmux$202_CMP0 ($eq).
Removed top 3 bits (of 4) from port B of cell vibe_mgmt_byp.$procmux$221_CMP0 ($eq).

yosys> peepopt

2.10. Executing PEEPOPT pass (run peephole optimizers).

yosys> opt_clean

2.11. Executing OPT_CLEAN pass (remove unused cells and wires).
Finding unused cells or wires in module \vibe_mgmt_byp..

yosys> alumacc

2.12. Executing ALUMACC pass (create $alu and $macc cells).
Extracting $alu and $macc cells in module vibe_mgmt_byp:
  creating $macc model for $add$/workspace/rtl/mgmt/vibe_mgmt_byp.sv:16$3 ($add).
  creating $macc model for $add$/workspace/rtl/mgmt/vibe_mgmt_byp.sv:29$17 ($add).
  creating $alu model for $macc $add$/workspace/rtl/mgmt/vibe_mgmt_byp.sv:29$17.
  creating $alu model for $macc $add$/workspace/rtl/mgmt/vibe_mgmt_byp.sv:16$3.
  creating $alu cell for $add$/workspace/rtl/mgmt/vibe_mgmt_byp.sv:16$3: $auto$alumacc.cc:495:replace_alu$431
  creating $alu cell for $add$/workspace/rtl/mgmt/vibe_mgmt_byp.sv:29$17: $auto$alumacc.cc:495:replace_alu$434
  created 2 $alu and 0 $macc cells.

yosys> share

2.13. Executing SHARE pass (SAT-based resource sharing).

yosys> opt

2.14. Executing OPT pass (performing simple optimizations).

yosys> opt_expr

2.14.1. Executing OPT_EXPR pass (perform const folding).
Optimizing module vibe_mgmt_byp.

yosys> opt_merge -nomux

2.14.2. Executing OPT_MERGE pass (detect identical cells).
Finding identical cells in module `\vibe_mgmt_byp'.
Removed a total of 0 cells.

yosys> opt_muxtree

2.14.3. Executing OPT_MUXTREE pass (detect dead branches in mux trees).
Running muxtree optimizer on module \vibe_mgmt_byp..
  Creating internal representation of mux trees.
  Evaluating internal representation of mux trees.
  Analyzing evaluation results.
Removed 0 multiplexer ports.
<suppressed ~1 debug messages>

yosys> opt_reduce

2.14.4. Executing OPT_REDUCE pass (consolidate $*mux and $reduce_* inputs).
  Optimizing cells in module \vibe_mgmt_byp.
Performed a total of 0 changes.

yosys> opt_merge

2.14.5. Executing OPT_MERGE pass (detect identical cells).
Finding identical cells in module `\vibe_mgmt_byp'.
Removed a total of 0 cells.

yosys> opt_dff

2.14.6. Executing OPT_DFF pass (perform DFF optimizations).

yosys> opt_clean

2.14.7. Executing OPT_CLEAN pass (remove unused cells and wires).
Finding unused cells or wires in module \vibe_mgmt_byp..

yosys> opt_expr

2.14.8. Executing OPT_EXPR pass (perform const folding).
Optimizing module vibe_mgmt_byp.

2.14.9. Finished OPT passes. (There is nothing left to do.)

yosys> memory -nomap

2.15. Executing MEMORY pass.

yosys> opt_mem

2.15.1. Executing OPT_MEM pass (optimize memories).
Performed a total of 0 transformations.

yosys> opt_mem_priority

2.15.2. Executing OPT_MEM_PRIORITY pass (removing unnecessary memory write priority relations).
Performed a total of 0 transformations.

yosys> opt_mem_feedback

2.15.3. Executing OPT_MEM_FEEDBACK pass (finding memory read-to-write feedback paths).

yosys> memory_bmux2rom

2.15.4. Executing MEMORY_BMUX2ROM pass (converting muxes to ROMs).

yosys> memory_dff

2.15.5. Executing MEMORY_DFF pass (merging $dff cells to $memrd).

yosys> opt_clean

2.15.6. Executing OPT_CLEAN pass (remove unused cells and wires).
Finding unused cells or wires in module \vibe_mgmt_byp..

yosys> memory_share

2.15.7. Executing MEMORY_SHARE pass (consolidating $memrd/$memwr cells).

yosys> opt_mem_widen

2.15.8. Executing OPT_MEM_WIDEN pass (optimize memories where all ports are wide).
Performed a total of 0 transformations.

yosys> opt_clean

2.15.9. Executing OPT_CLEAN pass (remove unused cells and wires).
Finding unused cells or wires in module \vibe_mgmt_byp..

yosys> memory_collect

2.15.10. Executing MEMORY_COLLECT pass (generating $mem cells).

yosys> opt_clean

2.16. Executing OPT_CLEAN pass (remove unused cells and wires).
Finding unused cells or wires in module \vibe_mgmt_byp..

yosys> tee -o /workspace/reports/synth/blocks/vibe_mgmt_byp/hierarchy.rpt stat

yosys> stat

3. Printing statistics.

=== vibe_mgmt_byp ===

   Number of wires:                 82
   Number of wire bits:           9312
   Number of public wires:          26
   Number of public wire bits:    9232
   Number of ports:                  8
   Number of port bits:           1030
   Number of memories:               0
   Number of memory bits:            0
   Number of processes:              0
   Number of cells:                 73
     $adffe                          2
     $alu                            2
     $dffe                          16
     $eq                            30
     $logic_and                      2
     $logic_not                      2
     $ne                             2
     $pmux                           1
     $reduce_and                    16


yosys> opt -fast -full

4. Executing OPT pass (performing simple optimizations).

yosys> opt_expr -full

4.1. Executing OPT_EXPR pass (perform const folding).
Optimizing module vibe_mgmt_byp.
<suppressed ~1 debug messages>

yosys> opt_merge

4.2. Executing OPT_MERGE pass (detect identical cells).
Finding identical cells in module `\vibe_mgmt_byp'.
Removed a total of 0 cells.

yosys> opt_dff

4.3. Executing OPT_DFF pass (perform DFF optimizations).

yosys> opt_clean

4.4. Executing OPT_CLEAN pass (remove unused cells and wires).
Finding unused cells or wires in module \vibe_mgmt_byp..
Removed 1 unused cells and 1 unused wires.
<suppressed ~2 debug messages>

4.5. Finished fast OPT passes.

yosys> techmap

5. Executing TECHMAP pass (map to technology primitives).

5.1. Executing Verilog-2005 frontend: /tmp/oss-cad/oss-cad-suite/lib/../share/yosys/techmap.v
Parsing Verilog input from `/tmp/oss-cad/oss-cad-suite/lib/../share/yosys/techmap.v' to AST representation.
Generating RTLIL representation for module `\_90_simplemap_bool_ops'.
Generating RTLIL representation for module `\_90_simplemap_reduce_ops'.
Generating RTLIL representation for module `\_90_simplemap_logic_ops'.
Generating RTLIL representation for module `\_90_simplemap_compare_ops'.
Generating RTLIL representation for module `\_90_simplemap_various'.
Generating RTLIL representation for module `\_90_simplemap_registers'.
Generating RTLIL representation for module `\_90_shift_ops_shr_shl_sshl_sshr'.
Generating RTLIL representation for module `\_90_shift_shiftx'.
Generating RTLIL representation for module `\_90_fa'.
Generating RTLIL representation for module `\_90_lcu_brent_kung'.
Generating RTLIL representation for module `\_90_alu'.
Generating RTLIL representation for module `\_90_macc'.
Generating RTLIL representation for module `\_90_alumacc'.
Generating RTLIL representation for module `\$__div_mod_u'.
Generating RTLIL representation for module `\$__div_mod_trunc'.
Generating RTLIL representation for module `\_90_div'.
Generating RTLIL representation for module `\_90_mod'.
Generating RTLIL representation for module `\$__div_mod_floor'.
Generating RTLIL representation for module `\_90_divfloor'.
Generating RTLIL representation for module `\_90_modfloor'.
Generating RTLIL representation for module `\_90_pow'.
Generating RTLIL representation for module `\_90_pmux'.
Generating RTLIL representation for module `\_90_demux'.
Generating RTLIL representation for module `\_90_lut'.
Successfully finished Verilog frontend.

5.2. Continuing TECHMAP pass.
Using template $paramod$672a140277c71df8314410f22acc08d55222c3c7\_90_alu for cells of type $alu.
Using extmapper simplemap for cells of type $ne.
Using extmapper simplemap for cells of type $logic_and.
Using extmapper simplemap for cells of type $dffe.
Using extmapper simplemap for cells of type $eq.
Using template $paramod$d58733f53daac42e206c01ecffb691408061322c\_90_pmux for cells of type $pmux.
Using extmapper simplemap for cells of type $logic_not.
Using extmapper simplemap for cells of type $adffe.
Using extmapper simplemap for cells of type $reduce_and.
Using extmapper simplemap for cells of type $xor.
Using extmapper simplemap for cells of type $and.
Using template $paramod\_90_lcu_brent_kung\WIDTH=32'00000000000000000000000000000101 for cells of type $lcu.
Using extmapper simplemap for cells of type $pos.
Using extmapper simplemap for cells of type $mux.
Using extmapper simplemap for cells of type $not.
Using extmapper simplemap for cells of type $reduce_or.
Using extmapper simplemap for cells of type $or.
No more expansions possible.
<suppressed ~916 debug messages>

yosys> opt -fast

6. Executing OPT pass (performing simple optimizations).

yosys> opt_expr

6.1. Executing OPT_EXPR pass (perform const folding).
Optimizing module vibe_mgmt_byp.
<suppressed ~170 debug messages>

yosys> opt_merge

6.2. Executing OPT_MERGE pass (detect identical cells).
Finding identical cells in module `\vibe_mgmt_byp'.
<suppressed ~381 debug messages>
Removed a total of 127 cells.

yosys> opt_dff

6.3. Executing OPT_DFF pass (perform DFF optimizations).

yosys> opt_clean

6.4. Executing OPT_CLEAN pass (remove unused cells and wires).
Finding unused cells or wires in module \vibe_mgmt_byp..
Removed 4 unused cells and 1805 unused wires.
<suppressed ~5 debug messages>

6.5. Finished fast OPT passes.

yosys> dfflibmap -liberty /workspace/scripts/synth/work/sky130_fd_sc_hd__tt_025C_1v80.lib

7. Executing DFFLIBMAP pass (mapping DFF cells to sequential cells from liberty file).
  cell sky130_fd_sc_hd__dfxtp_1 (noninv, pins=3, area=20.02) is a direct match for cell type $_DFF_P_.
  cell sky130_fd_sc_hd__dfrtn_1 (noninv, pins=4, area=25.02) is a direct match for cell type $_DFF_NN0_.
  cell sky130_fd_sc_hd__dfrtp_1 (noninv, pins=4, area=25.02) is a direct match for cell type $_DFF_PN0_.
  cell sky130_fd_sc_hd__dfstp_2 (noninv, pins=4, area=26.28) is a direct match for cell type $_DFF_PN1_.
  cell sky130_fd_sc_hd__edfxtp_1 (noninv, pins=4, area=30.03) is a direct match for cell type $_DFFE_PP_.
  cell sky130_fd_sc_hd__dfbbn_1 (noninv, pins=6, area=32.53) is a direct match for cell type $_DFFSR_NNN_.
  cell sky130_fd_sc_hd__dfbbp_1 (noninv, pins=6, area=32.53) is a direct match for cell type $_DFFSR_PNN_.
  final dff cell mappings:
    unmapped dff cell: $_DFF_N_
    \sky130_fd_sc_hd__dfxtp_1 _DFF_P_ (.CLK( C), .D( D), .Q( Q));
    \sky130_fd_sc_hd__dfrtn_1 _DFF_NN0_ (.CLK_N( C), .D( D), .Q( Q), .RESET_B( R));
    unmapped dff cell: $_DFF_NN1_
    unmapped dff cell: $_DFF_NP0_
    unmapped dff cell: $_DFF_NP1_
    \sky130_fd_sc_hd__dfrtp_1 _DFF_PN0_ (.CLK( C), .D( D), .Q( Q), .RESET_B( R));
    \sky130_fd_sc_hd__dfstp_2 _DFF_PN1_ (.CLK( C), .D( D), .Q( Q), .SET_B( R));
    unmapped dff cell: $_DFF_PP0_
    unmapped dff cell: $_DFF_PP1_
    unmapped dff cell: $_DFFE_NN_
    unmapped dff cell: $_DFFE_NP_
    unmapped dff cell: $_DFFE_PN_
    \sky130_fd_sc_hd__edfxtp_1 _DFFE_PP_ (.CLK( C), .D( D), .DE( E), .Q( Q));
    \sky130_fd_sc_hd__dfbbn_1 _DFFSR_NNN_ (.CLK_N( C), .D( D), .Q( Q), .Q_N(~Q), .RESET_B( R), .SET_B( S));
    unmapped dff cell: $_DFFSR_NNP_
    unmapped dff cell: $_DFFSR_NPN_
    unmapped dff cell: $_DFFSR_NPP_
    \sky130_fd_sc_hd__dfbbp_1 _DFFSR_PNN_ (.CLK( C), .D( D), .Q( Q), .Q_N(~Q), .RESET_B( R), .SET_B( S));
    unmapped dff cell: $_DFFSR_PNP_
    unmapped dff cell: $_DFFSR_PPN_
    unmapped dff cell: $_DFFSR_PPP_

yosys> dfflegalize -cell $_DFF_P_ 01 -cell $_DFFE_PP_ 01 -cell $_DFF_NN0_ 01 -cell $_DFF_PN0_ 01 -cell $_DFF_PN1_ 01 -cell $_DFFSR_NNN_ 01 -cell $_DFFSR_PNN_ 01 t:$_DFF* t:$_SDFF*

7.1. Executing DFFLEGALIZE pass (convert FFs to types supported by the target).
<suppressed ~24 debug messages>
Mapping DFF cells in module `\vibe_mgmt_byp':
  mapped 8192 $_DFFE_PP_ cells to \sky130_fd_sc_hd__edfxtp_1 cells.
  mapped 10 $_DFF_PN0_ cells to \sky130_fd_sc_hd__dfrtp_1 cells.

yosys> abc -liberty /workspace/scripts/synth/work/sky130_fd_sc_hd__tt_025C_1v80.lib

8. Executing ABC pass (technology mapping using ABC).

8.1. Extracting gate netlist of module `\vibe_mgmt_byp' to `<abc-temp-dir>/input.blif'..
Extracted 15523 gates and 23728 wires to a netlist network with 8205 inputs and 540 outputs.

8.1.1. Executing ABC.
Running ABC command: "<yosys-exe-dir>/yosys-abc" -s -f <abc-temp-dir>/abc.script 2>&1
ABC: ABC command line: "source <abc-temp-dir>/abc.script".
ABC: 
ABC: + read_blif <abc-temp-dir>/input.blif 
ABC: + read_lib -w /workspace/scripts/synth/work/sky130_fd_sc_hd__tt_025C_1v80.lib 
ABC: Parsing finished successfully.  Parsing time =     0.06 sec
ABC: Scl_LibertyReadGenlib() skipped cell "sky130_fd_sc_hd__decap_12" without logic function.
ABC: Scl_LibertyReadGenlib() skipped cell "sky130_fd_sc_hd__decap_3" without logic function.
ABC: Scl_LibertyReadGenlib() skipped cell "sky130_fd_sc_hd__decap_4" without logic function.
ABC: Scl_LibertyReadGenlib() skipped cell "sky130_fd_sc_hd__decap_6" without logic function.
ABC: Scl_LibertyReadGenlib() skipped cell "sky130_fd_sc_hd__decap_8" without logic function.
ABC: Scl_LibertyReadGenlib() skipped sequential cell "sky130_fd_sc_hd__dfbbn_1".
ABC: Scl_LibertyReadGenlib() skipped sequential cell "sky130_fd_sc_hd__dfbbn_2".
ABC: Scl_LibertyReadGenlib() skipped sequential cell "sky130_fd_sc_hd__dfbbp_1".
ABC: Scl_LibertyReadGenlib() skipped sequential cell "sky130_fd_sc_hd__dfrbp_1".
ABC: Scl_LibertyReadGenlib() skipped sequential cell "sky130_fd_sc_hd__dfrbp_2".
ABC: Scl_LibertyReadGenlib() skipped sequential cell "sky130_fd_sc_hd__dfrtn_1".
ABC: Scl_LibertyReadGenlib() skipped sequential cell "sky130_fd_sc_hd__dfrtp_1".
ABC: Scl_LibertyReadGenlib() skipped sequential cell "sky130_fd_sc_hd__dfrtp_2".
ABC: Scl_LibertyReadGenlib() skipped sequential cell "sky130_fd_sc_hd__dfrtp_4".
ABC: Scl_LibertyReadGenlib() skipped sequential cell "sky130_fd_sc_hd__dfsbp_1".
ABC: Scl_LibertyReadGenlib() skipped sequential cell "sky130_fd_sc_hd__dfsbp_2".
ABC: Scl_LibertyReadGenlib() skipped sequential cell "sky130_fd_sc_hd__dfstp_1".
ABC: Scl_LibertyReadGenlib() skipped sequential cell "sky130_fd_sc_hd__dfstp_2".
ABC: Scl_LibertyReadGenlib() skipped sequential cell "sky130_fd_sc_hd__dfstp_4".
ABC: Scl_LibertyReadGenlib() skipped sequential cell "sky130_fd_sc_hd__dfxbp_1".
ABC: Scl_LibertyReadGenlib() skipped sequential cell "sky130_fd_sc_hd__dfxbp_2".
ABC: Scl_LibertyReadGenlib() skipped sequential cell "sky130_fd_sc_hd__dfxtp_1".
ABC: Scl_LibertyReadGenlib() skipped sequential cell "sky130_fd_sc_hd__dfxtp_2".
ABC: Scl_LibertyReadGenlib() skipped sequential cell "sky130_fd_sc_hd__dfxtp_4".
ABC: Scl_LibertyReadGenlib() skipped cell "sky130_fd_sc_hd__diode_2" without logic function.
ABC: Scl_LibertyReadGenlib() skipped cell "sky130_fd_sc_hd__dlclkp_1" without logic function.
ABC: Scl_LibertyReadGenlib() skipped cell "sky130_fd_sc_hd__dlclkp_2" without logic function.
ABC: Scl_LibertyReadGenlib() skipped cell "sky130_fd_sc_hd__dlclkp_4" without logic function.
ABC: Scl_LibertyReadGenlib() skipped sequential cell "sky130_fd_sc_hd__dlrbn_1".
ABC: Scl_LibertyReadGenlib() skipped sequential cell "sky130_fd_sc_hd__dlrbn_2".
ABC: Scl_LibertyReadGenlib() skipped sequential cell "sky130_fd_sc_hd__dlrbp_1".
ABC: Scl_LibertyReadGenlib() skipped sequential cell "sky130_fd_sc_hd__dlrbp_2".
ABC: Scl_LibertyReadGenlib() skipped sequential cell "sky130_fd_sc_hd__dlrtn_1".
ABC: Scl_LibertyReadGenlib() skipped sequential cell "sky130_fd_sc_hd__dlrtn_2".
ABC: Scl_LibertyReadGenlib() skipped sequential cell "sky130_fd_sc_hd__dlrtn_4".
ABC: Scl_LibertyReadGenlib() skipped sequential cell "sky130_fd_sc_hd__dlrtp_1".
ABC: Scl_LibertyReadGenlib() skipped sequential cell "sky130_fd_sc_hd__dlrtp_2".
ABC: Scl_LibertyReadGenlib() skipped sequential cell "sky130_fd_sc_hd__dlrtp_4".
ABC: Scl_LibertyReadGenlib() skipped sequential cell "sky130_fd_sc_hd__dlxbn_1".
ABC: Scl_LibertyReadGenlib() skipped sequential cell "sky130_fd_sc_hd__dlxbn_2".
ABC: Scl_LibertyReadGenlib() skipped sequential cell "sky130_fd_sc_hd__dlxbp_1".
ABC: Scl_LibertyReadGenlib() skipped sequential cell "sky130_fd_sc_hd__dlxtn_1".
ABC: Scl_LibertyReadGenlib() skipped sequential cell "sky130_fd_sc_hd__dlxtn_2".
ABC: Scl_LibertyReadGenlib() skipped sequential cell "sky130_fd_sc_hd__dlxtn_4".
ABC: Scl_LibertyReadGenlib() skipped sequential cell "sky130_fd_sc_hd__dlxtp_1".
ABC: Scl_LibertyReadGenlib() skipped three-state cell "sky130_fd_sc_hd__ebufn_1".
ABC: Scl_LibertyReadGenlib() skipped three-state cell "sky130_fd_sc_hd__ebufn_2".
ABC: Scl_LibertyReadGenlib() skipped three-state cell "sky130_fd_sc_hd__ebufn_4".
ABC: Scl_LibertyReadGenlib() skipped three-state cell "sky130_fd_sc_hd__ebufn_8".
ABC: Scl_LibertyReadGenlib() skipped sequential cell "sky130_fd_sc_hd__edfxbp_1".
ABC: Scl_LibertyReadGenlib() skipped sequential cell "sky130_fd_sc_hd__edfxtp_1".
ABC: Scl_LibertyReadGenlib() skipped three-state cell "sky130_fd_sc_hd__einvn_0".
ABC: Scl_LibertyReadGenlib() skipped three-state cell "sky130_fd_sc_hd__einvn_1".
ABC: Scl_LibertyReadGenlib() skipped three-state cell "sky130_fd_sc_hd__einvn_2".
ABC: Scl_LibertyReadGenlib() skipped three-state cell "sky130_fd_sc_hd__einvn_4".
ABC: Scl_LibertyReadGenlib() skipped three-state cell "sky130_fd_sc_hd__einvn_8".
ABC: Scl_LibertyReadGenlib() skipped three-state cell "sky130_fd_sc_hd__einvp_1".
ABC: Scl_LibertyReadGenlib() skipped three-state cell "sky130_fd_sc_hd__einvp_2".
ABC: Scl_LibertyReadGenlib() skipped three-state cell "sky130_fd_sc_hd__einvp_4".
ABC: Scl_LibertyReadGenlib() skipped three-state cell "sky130_fd_sc_hd__einvp_8".
ABC: Scl_LibertyReadGenlib() skipped cell "sky130_fd_sc_hd__lpflow_bleeder_1" without logic function.
ABC: Scl_LibertyReadGenlib() skipped cell "sky130_fd_sc_hd__lpflow_decapkapwr_12" without logic function.
ABC: Scl_LibertyReadGenlib() skipped cell "sky130_fd_sc_hd__lpflow_decapkapwr_3" without logic function.
ABC: Scl_LibertyReadGenlib() skipped cell "sky130_fd_sc_hd__lpflow_decapkapwr_4" without logic function.
ABC: Scl_LibertyReadGenlib() skipped cell "sky130_fd_sc_hd__lpflow_decapkapwr_6" without logic function.
ABC: Scl_LibertyReadGenlib() skipped cell "sky130_fd_sc_hd__lpflow_decapkapwr_8" without logic function.
ABC: Scl_LibertyReadGenlib() skipped sequential cell "sky130_fd_sc_hd__lpflow_inputisolatch_1".
ABC: Scl_LibertyReadGenlib() skipped sequential cell "sky130_fd_sc_hd__sdfbbn_1".
ABC: Scl_LibertyReadGenlib() skipped sequential cell "sky130_fd_sc_hd__sdfbbn_2".
ABC: Scl_LibertyReadGenlib() skipped sequential cell "sky130_fd_sc_hd__sdfbbp_1".
ABC: Scl_LibertyReadGenlib() skipped sequential cell "sky130_fd_sc_hd__sdfrbp_1".
ABC: Scl_LibertyReadGenlib() skipped sequential cell "sky130_fd_sc_hd__sdfrbp_2".
ABC: Scl_LibertyReadGenlib() skipped sequential cell "sky130_fd_sc_hd__sdfrtn_1".
ABC: Scl_LibertyReadGenlib() skipped sequential cell "sky130_fd_sc_hd__sdfrtp_1".
ABC: Scl_LibertyReadGenlib() skipped sequential cell "sky130_fd_sc_hd__sdfrtp_2".
ABC: Scl_LibertyReadGenlib() skipped sequential cell "sky130_fd_sc_hd__sdfrtp_4".
ABC: Scl_LibertyReadGenlib() skipped sequential cell "sky130_fd_sc_hd__sdfsbp_1".
ABC: Scl_LibertyReadGenlib() skipped sequential cell "sky130_fd_sc_hd__sdfsbp_2".
ABC: Scl_LibertyReadGenlib() skipped sequential cell "sky130_fd_sc_hd__sdfstp_1".
ABC: Scl_LibertyReadGenlib() skipped sequential cell "sky130_fd_sc_hd__sdfstp_2".
ABC: Scl_LibertyReadGenlib() skipped sequential cell "sky130_fd_sc_hd__sdfstp_4".
ABC: Scl_LibertyReadGenlib() skipped sequential cell "sky130_fd_sc_hd__sdfxbp_1".
ABC: Scl_LibertyReadGenlib() skipped sequential cell "sky130_fd_sc_hd__sdfxbp_2".
ABC: Scl_LibertyReadGenlib() skipped sequential cell "sky130_fd_sc_hd__sdfxtp_1".
ABC: Scl_LibertyReadGenlib() skipped sequential cell "sky130_fd_sc_hd__sdfxtp_2".
ABC: Scl_LibertyReadGenlib() skipped sequential cell "sky130_fd_sc_hd__sdfxtp_4".
ABC: Scl_LibertyReadGenlib() skipped cell "sky130_fd_sc_hd__sdlclkp_1" without logic function.
ABC: Scl_LibertyReadGenlib() skipped cell "sky130_fd_sc_hd__sdlclkp_2" without logic function.
ABC: Scl_LibertyReadGenlib() skipped cell "sky130_fd_sc_hd__sdlclkp_4" without logic function.
ABC: Scl_LibertyReadGenlib() skipped sequential cell "sky130_fd_sc_hd__sedfxbp_1".
ABC: Scl_LibertyReadGenlib() skipped sequential cell "sky130_fd_sc_hd__sedfxbp_2".
ABC: Scl_LibertyReadGenlib() skipped sequential cell "sky130_fd_sc_hd__sedfxtp_1".
ABC: Scl_LibertyReadGenlib() skipped sequential cell "sky130_fd_sc_hd__sedfxtp_2".
ABC: Scl_LibertyReadGenlib() skipped sequential cell "sky130_fd_sc_hd__sedfxtp_4".
ABC: Library "sky130_fd_sc_hd__tt_025C_1v80" from "/workspace/scripts/synth/work/sky130_fd_sc_hd__tt_025C_1v80.lib" has 334 cells (94 skipped: 63 seq; 13 tri-state; 18 no func; 0 dont_use).  Time =     0.09 sec
ABC: Memory =   19.81 MB. Time =     0.09 sec
ABC: Warning: Detected 9 multi-output gates (for example, "sky130_fd_sc_hd__fa_1").
ABC: + strash 
ABC: + &get -n 
ABC: + &fraig -x 
ABC: + &put 
ABC: + scorr 
ABC: Warning: The network is combinational (run "fraig" or "fraig_sweep").
ABC: + dc2 
ABC: + dretime 
ABC: + strash 
ABC: + &get -n 
ABC: + &dch -f 
ABC: + &nf 
ABC: + &put 
ABC: + write_blif <abc-temp-dir>/output.blif 

8.1.2. Re-integrating ABC results.
ABC RESULTS:   sky130_fd_sc_hd__a211o_1 cells:       79
ABC RESULTS:   sky130_fd_sc_hd__a21oi_1 cells:       31
ABC RESULTS:   sky130_fd_sc_hd__a221o_1 cells:       40
ABC RESULTS:   sky130_fd_sc_hd__a221oi_1 cells:      306
ABC RESULTS:   sky130_fd_sc_hd__a222oi_1 cells:     1495
ABC RESULTS:   sky130_fd_sc_hd__a22o_1 cells:      275
ABC RESULTS:   sky130_fd_sc_hd__a22oi_1 cells:     1058
ABC RESULTS:   sky130_fd_sc_hd__a31oi_1 cells:        1
ABC RESULTS:   sky130_fd_sc_hd__a41o_1 cells:        1
ABC RESULTS:   sky130_fd_sc_hd__and2_0 cells:        1
ABC RESULTS:   sky130_fd_sc_hd__and4_1 cells:      209
ABC RESULTS:   sky130_fd_sc_hd__and4b_1 cells:        4
ABC RESULTS:   sky130_fd_sc_hd__clkinv_1 cells:        3
ABC RESULTS:   sky130_fd_sc_hd__lpflow_inputiso1p_1 cells:      106
ABC RESULTS:   sky130_fd_sc_hd__mux2_1 cells:        1
ABC RESULTS:   sky130_fd_sc_hd__nand2_1 cells:      353
ABC RESULTS:   sky130_fd_sc_hd__nand2b_1 cells:        5
ABC RESULTS:   sky130_fd_sc_hd__nand3_1 cells:      426
ABC RESULTS:   sky130_fd_sc_hd__nand4_1 cells:      259
ABC RESULTS:   sky130_fd_sc_hd__nand4b_1 cells:        2
ABC RESULTS:   sky130_fd_sc_hd__nor2_1 cells:       34
ABC RESULTS:   sky130_fd_sc_hd__nor2b_1 cells:        1
ABC RESULTS:   sky130_fd_sc_hd__nor3_1 cells:        7
ABC RESULTS:   sky130_fd_sc_hd__nor4_1 cells:        1
ABC RESULTS:   sky130_fd_sc_hd__nor4b_1 cells:        4
ABC RESULTS:   sky130_fd_sc_hd__nor4bb_1 cells:        5
ABC RESULTS:   sky130_fd_sc_hd__o21ai_0 cells:        2
ABC RESULTS:   sky130_fd_sc_hd__o41a_1 cells:        1
ABC RESULTS:   sky130_fd_sc_hd__o41ai_1 cells:        1
ABC RESULTS:   sky130_fd_sc_hd__or4_1 cells:        2
ABC RESULTS:   sky130_fd_sc_hd__xnor2_1 cells:        6
ABC RESULTS:   sky130_fd_sc_hd__xor2_1 cells:        9
ABC RESULTS:        internal signals:    14983
ABC RESULTS:           input signals:     8205
ABC RESULTS:          output signals:      540
Removing temp directory.

yosys> opt_clean

9. Executing OPT_CLEAN pass (remove unused cells and wires).
Finding unused cells or wires in module \vibe_mgmt_byp..
Removed 0 unused cells and 10372 unused wires.
<suppressed ~1 debug messages>

yosys> tee -o /workspace/reports/synth/blocks/vibe_mgmt_byp/stat.rpt stat -liberty /workspace/scripts/synth/work/sky130_fd_sc_hd__tt_025C_1v80.lib

yosys> stat -liberty /workspace/scripts/synth/work/sky130_fd_sc_hd__tt_025C_1v80.lib

10. Printing statistics.

=== vibe_mgmt_byp ===

   Number of wires:               4240
   Number of wire bits:          13446
   Number of public wires:          26
   Number of public wire bits:    9232
   Number of ports:                  8
   Number of port bits:           1030
   Number of memories:               0
   Number of memory bits:            0
   Number of processes:              0
   Number of cells:              12930
     sky130_fd_sc_hd__a211o_1       79
     sky130_fd_sc_hd__a21oi_1       31
     sky130_fd_sc_hd__a221o_1       40
     sky130_fd_sc_hd__a221oi_1     306
     sky130_fd_sc_hd__a222oi_1    1495
     sky130_fd_sc_hd__a22o_1       275
     sky130_fd_sc_hd__a22oi_1     1058
     sky130_fd_sc_hd__a31oi_1        1
     sky130_fd_sc_hd__a41o_1         1
     sky130_fd_sc_hd__and2_0         1
     sky130_fd_sc_hd__and4_1       209
     sky130_fd_sc_hd__and4b_1        4
     sky130_fd_sc_hd__clkinv_1       3
     sky130_fd_sc_hd__dfrtp_1       10
     sky130_fd_sc_hd__edfxtp_1    8192
     sky130_fd_sc_hd__lpflow_inputiso1p_1    106
     sky130_fd_sc_hd__mux2_1         1
     sky130_fd_sc_hd__nand2_1      353
     sky130_fd_sc_hd__nand2b_1       5
     sky130_fd_sc_hd__nand3_1      426
     sky130_fd_sc_hd__nand4_1      259
     sky130_fd_sc_hd__nand4b_1       2
     sky130_fd_sc_hd__nor2_1        34
     sky130_fd_sc_hd__nor2b_1        1
     sky130_fd_sc_hd__nor3_1         7
     sky130_fd_sc_hd__nor4_1         1
     sky130_fd_sc_hd__nor4b_1        4
     sky130_fd_sc_hd__nor4bb_1       5
     sky130_fd_sc_hd__o21ai_0        2
     sky130_fd_sc_hd__o41a_1         1
     sky130_fd_sc_hd__o41ai_1        1
     sky130_fd_sc_hd__or4_1          2
     sky130_fd_sc_hd__xnor2_1        6
     sky130_fd_sc_hd__xor2_1         9

   Chip area for module '\vibe_mgmt_byp': 283630.774400
     of which used for sequential elements: 246246.169600 (86.82%)


yosys> write_verilog -noattr /workspace/scripts/synth/work/blocks/vibe_mgmt_byp/vibe_mgmt_byp.synth.v

11. Executing Verilog backend.

yosys> bmuxmap

11.1. Executing BMUXMAP pass.

yosys> demuxmap

11.2. Executing DEMUXMAP pass.

yosys> clean_zerowidth
Dumping module `\vibe_mgmt_byp'.

Warnings: 1 unique messages, 1 total
End of script. Logfile hash: 0949f72c85, CPU: user 1.92s system 0.05s, MEM: 90.55 MB peak
Yosys 0.54+29 (git sha1 7b0c1fe49, clang++ 18.1.8 -fPIC -O3)
Time spent: 44% 1x abc (1 sec), 13% 1x techmap (0 sec), ...
