
yosys> stat

3. Printing statistics.

=== vibe_fecn_mark ===

   Number of wires:                 28
   Number of wire bits:             84
   Number of public wires:          10
   Number of public wire bits:      48
   Number of ports:                  4
   Number of port bits:             39
   Number of memories:               0
   Number of memory bits:            0
   Number of processes:              0
   Number of cells:                 20
     $alu                            2
     $eq                             2
     $logic_and                      3
     $logic_or                       1
     $mux                            2
     $not                            4
     $or                             2
     $reduce_and                     2
     $reduce_bool                    1
     $reduce_or                      1

