
yosys> stat -liberty /workspace/scripts/synth/work/sky130_fd_sc_hd__tt_025C_1v80.lib

10. Printing statistics.

=== vibe_rs128_120_enc ===

   Number of wires:                367
   Number of wire bits:            500
   Number of public wires:          18
   Number of public wire bits:     151
   Number of ports:                  8
   Number of port bits:             78
   Number of memories:               0
   Number of memory bits:            0
   Number of processes:              0
   Number of cells:                424
     sky130_fd_sc_hd__a21o_1         2
     sky130_fd_sc_hd__a21oi_1       37
     sky130_fd_sc_hd__a22o_1         9
     sky130_fd_sc_hd__a31oi_1        2
     sky130_fd_sc_hd__a32oi_1        2
     sky130_fd_sc_hd__and2_0         6
     sky130_fd_sc_hd__and3_1         3
     sky130_fd_sc_hd__dfrtp_1       74
     sky130_fd_sc_hd__lpflow_inputiso1p_1      2
     sky130_fd_sc_hd__lpflow_isobufsrc_1      1
     sky130_fd_sc_hd__nand2_1       90
     sky130_fd_sc_hd__nand2b_1       2
     sky130_fd_sc_hd__nand3_1        1
     sky130_fd_sc_hd__nor2_1        10
     sky130_fd_sc_hd__nor3_1         4
     sky130_fd_sc_hd__o21a_1         7
     sky130_fd_sc_hd__o21ai_0       59
     sky130_fd_sc_hd__o21bai_1       1
     sky130_fd_sc_hd__xnor2_1       70
     sky130_fd_sc_hd__xnor3_1        4
     sky130_fd_sc_hd__xor2_1        38

   Chip area for module '\vibe_rs128_120_enc': 4040.124800
     of which used for sequential elements: 1851.776000 (45.83%)

