   Number of wires:               1655
   Number of wire bits:           5807
   Number of public wires:          12
   Number of public wire bits:    4164
   Number of ports:                 11
   Number of port bits:           4132
   Number of memories:               0
   Number of memory bits:            0
   Number of processes:              0
   Number of cells:               3695
     sky130_fd_sc_hd__a2111o_1       1
     sky130_fd_sc_hd__a2111oi_0      2
     sky130_fd_sc_hd__a211oi_1    1530
     sky130_fd_sc_hd__a21oi_1        5
     sky130_fd_sc_hd__a221o_1        1
     sky130_fd_sc_hd__a222oi_1       2
     sky130_fd_sc_hd__a22o_1         4
     sky130_fd_sc_hd__and3b_1      509
     sky130_fd_sc_hd__clkinv_1    1551
     sky130_fd_sc_hd__lpflow_isobufsrc_1      3
     sky130_fd_sc_hd__nand2b_1       3
     sky130_fd_sc_hd__nand3_1        5
     sky130_fd_sc_hd__nand4_1        3
     sky130_fd_sc_hd__nor2_1         2
     sky130_fd_sc_hd__nor3_1         8
     sky130_fd_sc_hd__nor3b_1        4
     sky130_fd_sc_hd__nor4_1         8
     sky130_fd_sc_hd__o2111a_1       1
     sky130_fd_sc_hd__o2111ai_1      2
     sky130_fd_sc_hd__o21ai_0        3
     sky130_fd_sc_hd__o221ai_1       5
     sky130_fd_sc_hd__o22ai_1       15
     sky130_fd_sc_hd__xnor2_1       13
     sky130_fd_sc_hd__xor2_1        15
   Chip area for module '\vibe_cna_ep': 22520.348800
