   Number of wires:                 41
   Number of wire bits:           1313
   Number of public wires:          25
   Number of public wire bits:    1297
   Number of ports:                 17
   Number of port bits:           1289
   Number of memories:               0
   Number of memory bits:            0
   Number of processes:              0
   Number of cells:                 26
     sky130_fd_sc_hd__and4_1         1
     sky130_fd_sc_hd__clkinv_1       3
     sky130_fd_sc_hd__dfrtp_1        8
     sky130_fd_sc_hd__nand2_1        4
     sky130_fd_sc_hd__nand2b_1       1
     sky130_fd_sc_hd__nor4_1         1
     sky130_fd_sc_hd__o21a_1         1
     sky130_fd_sc_hd__o21ai_0        3
     sky130_fd_sc_hd__o21bai_1       4
   Chip area for module '\vibe_pcs_rx_deskew': 300.288000
