
 /----------------------------------------------------------------------------\
 |  yosys -- Yosys Open SYnthesis Suite                                       |
 |  Copyright (C) 2012 - 2025  Claire Xenia Wolf <claire@yosyshq.com>         |
 |  Distributed under an ISC-like license, type "license" to see terms        |
 \----------------------------------------------------------------------------/
 Yosys 0.54+29 (git sha1 7b0c1fe49, clang++ 18.1.8 -fPIC -O3)

-- Executing script file `/workspace/scripts/synth/work/blocks/vibe_afifo/vibe_afifo.ys' --
Disabled timestamp in logs.
echo on

yosys> read_verilog -sv -I /workspace/rtl/common /workspace/rtl/cdc/vibe_sync2.sv

1. Executing Verilog-2005 frontend: /workspace/rtl/cdc/vibe_sync2.sv
Parsing SystemVerilog input from `/workspace/rtl/cdc/vibe_sync2.sv' to AST representation.
Generating RTLIL representation for module `\vibe_sync2'.
Successfully finished Verilog frontend.

yosys> read_verilog -sv -I /workspace/rtl/common /workspace/rtl/cdc/vibe_afifo.sv

2. Executing Verilog-2005 frontend: /workspace/rtl/cdc/vibe_afifo.sv
Parsing SystemVerilog input from `/workspace/rtl/cdc/vibe_afifo.sv' to AST representation.
Generating RTLIL representation for module `\vibe_afifo'.
Successfully finished Verilog frontend.

yosys> synth -top vibe_afifo -run :fine

3. Executing SYNTH pass.

yosys> hierarchy -check -top vibe_afifo

3.1. Executing HIERARCHY pass (managing design hierarchy).

3.1.1. Analyzing design hierarchy..
Top module:  \vibe_afifo
Used module:     \vibe_sync2
Parameter \W = 5

3.1.2. Executing AST frontend in derive mode using pre-parsed AST for module `\vibe_sync2'.
Parameter \W = 5
Generating RTLIL representation for module `$paramod\vibe_sync2\W=s32'00000000000000000000000000000101'.
Parameter \W = 5
Found cached RTLIL representation for module `$paramod\vibe_sync2\W=s32'00000000000000000000000000000101'.

3.1.3. Analyzing design hierarchy..
Top module:  \vibe_afifo
Used module:     $paramod\vibe_sync2\W=s32'00000000000000000000000000000101

3.1.4. Analyzing design hierarchy..
Top module:  \vibe_afifo
Used module:     $paramod\vibe_sync2\W=s32'00000000000000000000000000000101
Removing unused module `\vibe_sync2'.
Removed 1 unused modules.

yosys> proc

3.2. Executing PROC pass (convert processes to netlists).

yosys> proc_clean

3.2.1. Executing PROC_CLEAN pass (remove empty switches from decision trees).
Cleaned up 0 empty switches.

yosys> proc_rmdead

3.2.2. Executing PROC_RMDEAD pass (remove dead branches from decision trees).
Marked 1 switch rules as full_case in process $proc$/workspace/rtl/cdc/vibe_afifo.sv:58$33 in module vibe_afifo.
Marked 1 switch rules as full_case in process $proc$/workspace/rtl/cdc/vibe_afifo.sv:53$28 in module vibe_afifo.
Marked 1 switch rules as full_case in process $proc$/workspace/rtl/cdc/vibe_afifo.sv:48$19 in module vibe_afifo.
Marked 1 switch rules as full_case in process $proc$/workspace/rtl/cdc/vibe_sync2.sv:11$79 in module $paramod\vibe_sync2\W=s32'00000000000000000000000000000101.
Removed a total of 0 dead cases.

yosys> proc_prune

3.2.3. Executing PROC_PRUNE pass (remove redundant assignments in processes).
Removed 2 redundant assignments.
Promoted 23 assignments to connections.

yosys> proc_init

3.2.4. Executing PROC_INIT pass (extract init attributes).

yosys> proc_arst

3.2.5. Executing PROC_ARST pass (detect async resets in processes).
Found async reset \rrst_n in `\vibe_afifo.$proc$/workspace/rtl/cdc/vibe_afifo.sv:58$33'.
Found async reset \wrst_n in `\vibe_afifo.$proc$/workspace/rtl/cdc/vibe_afifo.sv:53$28'.
Found async reset \rst_n in `$paramod\vibe_sync2\W=s32'00000000000000000000000000000101.$proc$/workspace/rtl/cdc/vibe_sync2.sv:11$79'.

yosys> proc_rom

3.2.6. Executing PROC_ROM pass (convert switches to ROMs).
Converted 0 switches.
<suppressed ~3 debug messages>

yosys> proc_mux

3.2.7. Executing PROC_MUX pass (convert decision trees to multiplexers).
Creating decoders for process `\vibe_afifo.$proc$/workspace/rtl/common/vibe_ub_fn.vh:0$65'.
Creating decoders for process `\vibe_afifo.$proc$/workspace/rtl/common/vibe_ub_fn.vh:0$51'.
Creating decoders for process `\vibe_afifo.$proc$/workspace/rtl/common/vibe_ub_fn.vh:0$45'.
Creating decoders for process `\vibe_afifo.$proc$/workspace/rtl/common/vibe_ub_fn.vh:0$39'.
Creating decoders for process `\vibe_afifo.$proc$/workspace/rtl/cdc/vibe_afifo.sv:58$33'.
     1/1: $0\rbin[4:0]
Creating decoders for process `\vibe_afifo.$proc$/workspace/rtl/cdc/vibe_afifo.sv:53$28'.
     1/1: $0\wbin[4:0]
Creating decoders for process `\vibe_afifo.$proc$/workspace/rtl/cdc/vibe_afifo.sv:48$19'.
     1/3: $1$memwr$\mem$/workspace/rtl/cdc/vibe_afifo.sv:50$14_EN[159:0]$27
     2/3: $1$memwr$\mem$/workspace/rtl/cdc/vibe_afifo.sv:50$14_DATA[159:0]$26
     3/3: $1$memwr$\mem$/workspace/rtl/cdc/vibe_afifo.sv:50$14_ADDR[3:0]$25
Creating decoders for process `$paramod\vibe_sync2\W=s32'00000000000000000000000000000101.$proc$/workspace/rtl/cdc/vibe_sync2.sv:11$79'.
     1/2: $0\q[4:0]
     2/2: $0\q1[4:0]

yosys> proc_dlatch

3.2.8. Executing PROC_DLATCH pass (convert process syncs to latches).
No latch inferred for signal `\vibe_afifo.\vibe_gray2bin5$func$/workspace/rtl/cdc/vibe_afifo.sv:42$9.$result' from process `\vibe_afifo.$proc$/workspace/rtl/common/vibe_ub_fn.vh:0$65'.
No latch inferred for signal `\vibe_afifo.\vibe_gray2bin5$func$/workspace/rtl/cdc/vibe_afifo.sv:42$13.$result' from process `\vibe_afifo.$proc$/workspace/rtl/common/vibe_ub_fn.vh:0$65'.
No latch inferred for signal `\vibe_afifo.\vibe_gray2bin5$func$/workspace/rtl/cdc/vibe_afifo.sv:42$13.g' from process `\vibe_afifo.$proc$/workspace/rtl/common/vibe_ub_fn.vh:0$65'.
No latch inferred for signal `\vibe_afifo.\vibe_gray2bin5$func$/workspace/rtl/cdc/vibe_afifo.sv:41$8.$result' from process `\vibe_afifo.$proc$/workspace/rtl/common/vibe_ub_fn.vh:0$51'.
No latch inferred for signal `\vibe_afifo.\vibe_gray2bin5$func$/workspace/rtl/cdc/vibe_afifo.sv:41$12.$result' from process `\vibe_afifo.$proc$/workspace/rtl/common/vibe_ub_fn.vh:0$51'.
No latch inferred for signal `\vibe_afifo.\vibe_gray2bin5$func$/workspace/rtl/cdc/vibe_afifo.sv:41$12.g' from process `\vibe_afifo.$proc$/workspace/rtl/common/vibe_ub_fn.vh:0$51'.
No latch inferred for signal `\vibe_afifo.\vibe_bin2gray5$func$/workspace/rtl/cdc/vibe_afifo.sv:32$7.$result' from process `\vibe_afifo.$proc$/workspace/rtl/common/vibe_ub_fn.vh:0$45'.
No latch inferred for signal `\vibe_afifo.\vibe_bin2gray5$func$/workspace/rtl/cdc/vibe_afifo.sv:32$11.$result' from process `\vibe_afifo.$proc$/workspace/rtl/common/vibe_ub_fn.vh:0$45'.
No latch inferred for signal `\vibe_afifo.\vibe_bin2gray5$func$/workspace/rtl/cdc/vibe_afifo.sv:32$11.b' from process `\vibe_afifo.$proc$/workspace/rtl/common/vibe_ub_fn.vh:0$45'.
No latch inferred for signal `\vibe_afifo.\vibe_bin2gray5$func$/workspace/rtl/cdc/vibe_afifo.sv:31$6.$result' from process `\vibe_afifo.$proc$/workspace/rtl/common/vibe_ub_fn.vh:0$39'.
No latch inferred for signal `\vibe_afifo.\vibe_bin2gray5$func$/workspace/rtl/cdc/vibe_afifo.sv:31$10.$result' from process `\vibe_afifo.$proc$/workspace/rtl/common/vibe_ub_fn.vh:0$39'.
No latch inferred for signal `\vibe_afifo.\vibe_bin2gray5$func$/workspace/rtl/cdc/vibe_afifo.sv:31$10.b' from process `\vibe_afifo.$proc$/workspace/rtl/common/vibe_ub_fn.vh:0$39'.

yosys> proc_dff

3.2.9. Executing PROC_DFF pass (convert process syncs to FFs).
Creating register for signal `\vibe_afifo.\rbin' using process `\vibe_afifo.$proc$/workspace/rtl/cdc/vibe_afifo.sv:58$33'.
  created $adff cell `$procdff$98' with positive edge clock and positive level reset.
Creating register for signal `\vibe_afifo.\wbin' using process `\vibe_afifo.$proc$/workspace/rtl/cdc/vibe_afifo.sv:53$28'.
  created $adff cell `$procdff$103' with positive edge clock and positive level reset.
Creating register for signal `\vibe_afifo.$memwr$\mem$/workspace/rtl/cdc/vibe_afifo.sv:50$14_ADDR' using process `\vibe_afifo.$proc$/workspace/rtl/cdc/vibe_afifo.sv:48$19'.
  created $dff cell `$procdff$104' with positive edge clock.
Creating register for signal `\vibe_afifo.$memwr$\mem$/workspace/rtl/cdc/vibe_afifo.sv:50$14_DATA' using process `\vibe_afifo.$proc$/workspace/rtl/cdc/vibe_afifo.sv:48$19'.
  created $dff cell `$procdff$105' with positive edge clock.
Creating register for signal `\vibe_afifo.$memwr$\mem$/workspace/rtl/cdc/vibe_afifo.sv:50$14_EN' using process `\vibe_afifo.$proc$/workspace/rtl/cdc/vibe_afifo.sv:48$19'.
  created $dff cell `$procdff$106' with positive edge clock.
Creating register for signal `$paramod\vibe_sync2\W=s32'00000000000000000000000000000101.\q' using process `$paramod\vibe_sync2\W=s32'00000000000000000000000000000101.$proc$/workspace/rtl/cdc/vibe_sync2.sv:11$79'.
  created $adff cell `$procdff$111' with positive edge clock and positive level reset.
Creating register for signal `$paramod\vibe_sync2\W=s32'00000000000000000000000000000101.\q1' using process `$paramod\vibe_sync2\W=s32'00000000000000000000000000000101.$proc$/workspace/rtl/cdc/vibe_sync2.sv:11$79'.
  created $adff cell `$procdff$116' with positive edge clock and positive level reset.

yosys> proc_memwr

3.2.10. Executing PROC_MEMWR pass (convert process memory writes to cells).

yosys> proc_clean

3.2.11. Executing PROC_CLEAN pass (remove empty switches from decision trees).
Removing empty process `vibe_afifo.$proc$/workspace/rtl/common/vibe_ub_fn.vh:0$65'.
Removing empty process `vibe_afifo.$proc$/workspace/rtl/common/vibe_ub_fn.vh:0$51'.
Removing empty process `vibe_afifo.$proc$/workspace/rtl/common/vibe_ub_fn.vh:0$45'.
Removing empty process `vibe_afifo.$proc$/workspace/rtl/common/vibe_ub_fn.vh:0$39'.
Found and cleaned up 1 empty switch in `\vibe_afifo.$proc$/workspace/rtl/cdc/vibe_afifo.sv:58$33'.
Removing empty process `vibe_afifo.$proc$/workspace/rtl/cdc/vibe_afifo.sv:58$33'.
Found and cleaned up 1 empty switch in `\vibe_afifo.$proc$/workspace/rtl/cdc/vibe_afifo.sv:53$28'.
Removing empty process `vibe_afifo.$proc$/workspace/rtl/cdc/vibe_afifo.sv:53$28'.
Found and cleaned up 1 empty switch in `\vibe_afifo.$proc$/workspace/rtl/cdc/vibe_afifo.sv:48$19'.
Removing empty process `vibe_afifo.$proc$/workspace/rtl/cdc/vibe_afifo.sv:48$19'.
Removing empty process `$paramod\vibe_sync2\W=s32'00000000000000000000000000000101.$proc$/workspace/rtl/cdc/vibe_sync2.sv:11$79'.
Cleaned up 3 empty switches.

yosys> opt_expr -keepdc

3.2.12. Executing OPT_EXPR pass (perform const folding).
Optimizing module vibe_afifo.
<suppressed ~6 debug messages>
Optimizing module $paramod\vibe_sync2\W=s32'00000000000000000000000000000101.
<suppressed ~4 debug messages>

yosys> opt_expr

3.3. Executing OPT_EXPR pass (perform const folding).
Optimizing module vibe_afifo.
Optimizing module $paramod\vibe_sync2\W=s32'00000000000000000000000000000101.

yosys> opt_clean

3.4. Executing OPT_CLEAN pass (remove unused cells and wires).
Finding unused cells or wires in module \vibe_afifo..
Finding unused cells or wires in module $paramod\vibe_sync2\W=s32'00000000000000000000000000000101..
Removed 10 unused cells and 66 unused wires.
<suppressed ~12 debug messages>

yosys> check

3.5. Executing CHECK pass (checking for obvious problems).
Checking module $paramod\vibe_sync2\W=s32'00000000000000000000000000000101...
Checking module vibe_afifo...
Found and reported 0 problems.

yosys> opt -nodffe -nosdff

3.6. Executing OPT pass (performing simple optimizations).

yosys> opt_expr

3.6.1. Executing OPT_EXPR pass (perform const folding).
Optimizing module $paramod\vibe_sync2\W=s32'00000000000000000000000000000101.
Optimizing module vibe_afifo.

yosys> opt_merge -nomux

3.6.2. Executing OPT_MERGE pass (detect identical cells).
Finding identical cells in module `$paramod\vibe_sync2\W=s32'00000000000000000000000000000101'.
Finding identical cells in module `\vibe_afifo'.
<suppressed ~42 debug messages>
Removed a total of 14 cells.

yosys> opt_muxtree

3.6.3. Executing OPT_MUXTREE pass (detect dead branches in mux trees).
Running muxtree optimizer on module $paramod\vibe_sync2\W=s32'00000000000000000000000000000101..
  Creating internal representation of mux trees.
  No muxes found in this module.
Running muxtree optimizer on module \vibe_afifo..
  Creating internal representation of mux trees.
  Evaluating internal representation of mux trees.
  Analyzing evaluation results.
Removed 0 multiplexer ports.
<suppressed ~5 debug messages>

yosys> opt_reduce

3.6.4. Executing OPT_REDUCE pass (consolidate $*mux and $reduce_* inputs).
  Optimizing cells in module $paramod\vibe_sync2\W=s32'00000000000000000000000000000101.
  Optimizing cells in module \vibe_afifo.
    Consolidated identical input bits for $mux cell $procmux$86:
      Old ports: A=160'0000000000000000000000000000000000000000000000000000000000000000000000000000000000000000000000000000000000000000000000000000000000000000000000000000000000000000, B=160'1111111111111111111111111111111111111111111111111111111111111111111111111111111111111111111111111111111111111111111111111111111111111111111111111111111111111111, Y=$0$memwr$\mem$/workspace/rtl/cdc/vibe_afifo.sv:50$14_EN[159:0]$22
      New ports: A=1'0, B=1'1, Y=$0$memwr$\mem$/workspace/rtl/cdc/vibe_afifo.sv:50$14_EN[159:0]$22 [0]
      New connections: $0$memwr$\mem$/workspace/rtl/cdc/vibe_afifo.sv:50$14_EN[159:0]$22 [159:1] = { $0$memwr$\mem$/workspace/rtl/cdc/vibe_afifo.sv:50$14_EN[159:0]$22 [0] $0$memwr$\mem$/workspace/rtl/cdc/vibe_afifo.sv:50$14_EN[159:0]$22 [0] $0$memwr$\mem$/workspace/rtl/cdc/vibe_afifo.sv:50$14_EN[159:0]$22 [0] $0$memwr$\mem$/workspace/rtl/cdc/vibe_afifo.sv:50$14_EN[159:0]$22 [0] $0$memwr$\mem$/workspace/rtl/cdc/vibe_afifo.sv:50$14_EN[159:0]$22 [0] $0$memwr$\mem$/workspace/rtl/cdc/vibe_afifo.sv:50$14_EN[159:0]$22 [0] $0$memwr$\mem$/workspace/rtl/cdc/vibe_afifo.sv:50$14_EN[159:0]$22 [0] $0$memwr$\mem$/workspace/rtl/cdc/vibe_afifo.sv:50$14_EN[159:0]$22 [0] $0$memwr$\mem$/workspace/rtl/cdc/vibe_afifo.sv:50$14_EN[159:0]$22 [0] $0$memwr$\mem$/workspace/rtl/cdc/vibe_afifo.sv:50$14_EN[159:0]$22 [0] $0$memwr$\mem$/workspace/rtl/cdc/vibe_afifo.sv:50$14_EN[159:0]$22 [0] $0$memwr$\mem$/workspace/rtl/cdc/vibe_afifo.sv:50$14_EN[159:0]$22 [0] $0$memwr$\mem$/workspace/rtl/cdc/vibe_afifo.sv:50$14_EN[159:0]$22 [0] $0$memwr$\mem$/workspace/rtl/cdc/vibe_afifo.sv:50$14_EN[159:0]$22 [0] $0$memwr$\mem$/workspace/rtl/cdc/vibe_afifo.sv:50$14_EN[159:0]$22 [0] $0$memwr$\mem$/workspace/rtl/cdc/vibe_afifo.sv:50$14_EN[159:0]$22 [0] $0$memwr$\mem$/workspace/rtl/cdc/vibe_afifo.sv:50$14_EN[159:0]$22 [0] $0$memwr$\mem$/workspace/rtl/cdc/vibe_afifo.sv:50$14_EN[159:0]$22 [0] $0$memwr$\mem$/workspace/rtl/cdc/vibe_afifo.sv:50$14_EN[159:0]$22 [0] $0$memwr$\mem$/workspace/rtl/cdc/vibe_afifo.sv:50$14_EN[159:0]$22 [0] $0$memwr$\mem$/workspace/rtl/cdc/vibe_afifo.sv:50$14_EN[159:0]$22 [0] $0$memwr$\mem$/workspace/rtl/cdc/vibe_afifo.sv:50$14_EN[159:0]$22 [0] $0$memwr$\mem$/workspace/rtl/cdc/vibe_afifo.sv:50$14_EN[159:0]$22 [0] $0$memwr$\mem$/workspace/rtl/cdc/vibe_afifo.sv:50$14_EN[159:0]$22 [0] $0$memwr$\mem$/workspace/rtl/cdc/vibe_afifo.sv:50$14_EN[159:0]$22 [0] $0$memwr$\mem$/workspace/rtl/cdc/vibe_afifo.sv:50$14_EN[159:0]$22 [0] $0$memwr$\mem$/workspace/rtl/cdc/vibe_afifo.sv:50$14_EN[159:0]$22 [0] $0$memwr$\mem$/workspace/rtl/cdc/vibe_afifo.sv:50$14_EN[159:0]$22 [0] $0$memwr$\mem$/workspace/rtl/cdc/vibe_afifo.sv:50$14_EN[159:0]$22 [0] $0$memwr$\mem$/workspace/rtl/cdc/vibe_afifo.sv:50$14_EN[159:0]$22 [0] $0$memwr$\mem$/workspace/rtl/cdc/vibe_afifo.sv:50$14_EN[159:0]$22 [0] $0$memwr$\mem$/workspace/rtl/cdc/vibe_afifo.sv:50$14_EN[159:0]$22 [0] $0$memwr$\mem$/workspace/rtl/cdc/vibe_afifo.sv:50$14_EN[159:0]$22 [0] $0$memwr$\mem$/workspace/rtl/cdc/vibe_afifo.sv:50$14_EN[159:0]$22 [0] $0$memwr$\mem$/workspace/rtl/cdc/vibe_afifo.sv:50$14_EN[159:0]$22 [0] $0$memwr$\mem$/workspace/rtl/cdc/vibe_afifo.sv:50$14_EN[159:0]$22 [0] $0$memwr$\mem$/workspace/rtl/cdc/vibe_afifo.sv:50$14_EN[159:0]$22 [0] $0$memwr$\mem$/workspace/rtl/cdc/vibe_afifo.sv:50$14_EN[159:0]$22 [0] $0$memwr$\mem$/workspace/rtl/cdc/vibe_afifo.sv:50$14_EN[159:0]$22 [0] $0$memwr$\mem$/workspace/rtl/cdc/vibe_afifo.sv:50$14_EN[159:0]$22 [0] $0$memwr$\mem$/workspace/rtl/cdc/vibe_afifo.sv:50$14_EN[159:0]$22 [0] $0$memwr$\mem$/workspace/rtl/cdc/vibe_afifo.sv:50$14_EN[159:0]$22 [0] $0$memwr$\mem$/workspace/rtl/cdc/vibe_afifo.sv:50$14_EN[159:0]$22 [0] $0$memwr$\mem$/workspace/rtl/cdc/vibe_afifo.sv:50$14_EN[159:0]$22 [0] $0$memwr$\mem$/workspace/rtl/cdc/vibe_afifo.sv:50$14_EN[159:0]$22 [0] $0$memwr$\mem$/workspace/rtl/cdc/vibe_afifo.sv:50$14_EN[159:0]$22 [0] $0$memwr$\mem$/workspace/rtl/cdc/vibe_afifo.sv:50$14_EN[159:0]$22 [0] $0$memwr$\mem$/workspace/rtl/cdc/vibe_afifo.sv:50$14_EN[159:0]$22 [0] $0$memwr$\mem$/workspace/rtl/cdc/vibe_afifo.sv:50$14_EN[159:0]$22 [0] $0$memwr$\mem$/workspace/rtl/cdc/vibe_afifo.sv:50$14_EN[159:0]$22 [0] $0$memwr$\mem$/workspace/rtl/cdc/vibe_afifo.sv:50$14_EN[159:0]$22 [0] $0$memwr$\mem$/workspace/rtl/cdc/vibe_afifo.sv:50$14_EN[159:0]$22 [0] $0$memwr$\mem$/workspace/rtl/cdc/vibe_afifo.sv:50$14_EN[159:0]$22 [0] $0$memwr$\mem$/workspace/rtl/cdc/vibe_afifo.sv:50$14_EN[159:0]$22 [0] $0$memwr$\mem$/workspace/rtl/cdc/vibe_afifo.sv:50$14_EN[159:0]$22 [0] $0$memwr$\mem$/workspace/rtl/cdc/vibe_afifo.sv:50$14_EN[159:0]$22 [0] $0$memwr$\mem$/workspace/rtl/cdc/vibe_afifo.sv:50$14_EN[159:0]$22 [0] $0$memwr$\mem$/workspace/rtl/cdc/vibe_afifo.sv:50$14_EN[159:0]$22 [0] $0$memwr$\mem$/workspace/rtl/cdc/vibe_afifo.sv:50$14_EN[159:0]$22 [0] $0$memwr$\mem$/workspace/rtl/cdc/vibe_afifo.sv:50$14_EN[159:0]$22 [0] $0$memwr$\mem$/workspace/rtl/cdc/vibe_afifo.sv:50$14_EN[159:0]$22 [0] $0$memwr$\mem$/workspace/rtl/cdc/vibe_afifo.sv:50$14_EN[159:0]$22 [0] $0$memwr$\mem$/workspace/rtl/cdc/vibe_afifo.sv:50$14_EN[159:0]$22 [0] $0$memwr$\mem$/workspace/rtl/cdc/vibe_afifo.sv:50$14_EN[159:0]$22 [0] $0$memwr$\mem$/workspace/rtl/cdc/vibe_afifo.sv:50$14_EN[159:0]$22 [0] $0$memwr$\mem$/workspace/rtl/cdc/vibe_afifo.sv:50$14_EN[159:0]$22 [0] $0$memwr$\mem$/workspace/rtl/cdc/vibe_afifo.sv:50$14_EN[159:0]$22 [0] $0$memwr$\mem$/workspace/rtl/cdc/vibe_afifo.sv:50$14_EN[159:0]$22 [0] $0$memwr$\mem$/workspace/rtl/cdc/vibe_afifo.sv:50$14_EN[159:0]$22 [0] $0$memwr$\mem$/workspace/rtl/cdc/vibe_afifo.sv:50$14_EN[159:0]$22 [0] $0$memwr$\mem$/workspace/rtl/cdc/vibe_afifo.sv:50$14_EN[159:0]$22 [0] $0$memwr$\mem$/workspace/rtl/cdc/vibe_afifo.sv:50$14_EN[159:0]$22 [0] $0$memwr$\mem$/workspace/rtl/cdc/vibe_afifo.sv:50$14_EN[159:0]$22 [0] $0$memwr$\mem$/workspace/rtl/cdc/vibe_afifo.sv:50$14_EN[159:0]$22 [0] $0$memwr$\mem$/workspace/rtl/cdc/vibe_afifo.sv:50$14_EN[159:0]$22 [0] $0$memwr$\mem$/workspace/rtl/cdc/vibe_afifo.sv:50$14_EN[159:0]$22 [0] $0$memwr$\mem$/workspace/rtl/cdc/vibe_afifo.sv:50$14_EN[159:0]$22 [0] $0$memwr$\mem$/workspace/rtl/cdc/vibe_afifo.sv:50$14_EN[159:0]$22 [0] $0$memwr$\mem$/workspace/rtl/cdc/vibe_afifo.sv:50$14_EN[159:0]$22 [0] $0$memwr$\mem$/workspace/rtl/cdc/vibe_afifo.sv:50$14_EN[159:0]$22 [0] $0$memwr$\mem$/workspace/rtl/cdc/vibe_afifo.sv:50$14_EN[159:0]$22 [0] $0$memwr$\mem$/workspace/rtl/cdc/vibe_afifo.sv:50$14_EN[159:0]$22 [0] $0$memwr$\mem$/workspace/rtl/cdc/vibe_afifo.sv:50$14_EN[159:0]$22 [0] $0$memwr$\mem$/workspace/rtl/cdc/vibe_afifo.sv:50$14_EN[159:0]$22 [0] $0$memwr$\mem$/workspace/rtl/cdc/vibe_afifo.sv:50$14_EN[159:0]$22 [0] $0$memwr$\mem$/workspace/rtl/cdc/vibe_afifo.sv:50$14_EN[159:0]$22 [0] $0$memwr$\mem$/workspace/rtl/cdc/vibe_afifo.sv:50$14_EN[159:0]$22 [0] $0$memwr$\mem$/workspace/rtl/cdc/vibe_afifo.sv:50$14_EN[159:0]$22 [0] $0$memwr$\mem$/workspace/rtl/cdc/vibe_afifo.sv:50$14_EN[159:0]$22 [0] $0$memwr$\mem$/workspace/rtl/cdc/vibe_afifo.sv:50$14_EN[159:0]$22 [0] $0$memwr$\mem$/workspace/rtl/cdc/vibe_afifo.sv:50$14_EN[159:0]$22 [0] $0$memwr$\mem$/workspace/rtl/cdc/vibe_afifo.sv:50$14_EN[159:0]$22 [0] $0$memwr$\mem$/workspace/rtl/cdc/vibe_afifo.sv:50$14_EN[159:0]$22 [0] $0$memwr$\mem$/workspace/rtl/cdc/vibe_afifo.sv:50$14_EN[159:0]$22 [0] $0$memwr$\mem$/workspace/rtl/cdc/vibe_afifo.sv:50$14_EN[159:0]$22 [0] $0$memwr$\mem$/workspace/rtl/cdc/vibe_afifo.sv:50$14_EN[159:0]$22 [0] $0$memwr$\mem$/workspace/rtl/cdc/vibe_afifo.sv:50$14_EN[159:0]$22 [0] $0$memwr$\mem$/workspace/rtl/cdc/vibe_afifo.sv:50$14_EN[159:0]$22 [0] $0$memwr$\mem$/workspace/rtl/cdc/vibe_afifo.sv:50$14_EN[159:0]$22 [0] $0$memwr$\mem$/workspace/rtl/cdc/vibe_afifo.sv:50$14_EN[159:0]$22 [0] $0$memwr$\mem$/workspace/rtl/cdc/vibe_afifo.sv:50$14_EN[159:0]$22 [0] $0$memwr$\mem$/workspace/rtl/cdc/vibe_afifo.sv:50$14_EN[159:0]$22 [0] $0$memwr$\mem$/workspace/rtl/cdc/vibe_afifo.sv:50$14_EN[159:0]$22 [0] $0$memwr$\mem$/workspace/rtl/cdc/vibe_afifo.sv:50$14_EN[159:0]$22 [0] $0$memwr$\mem$/workspace/rtl/cdc/vibe_afifo.sv:50$14_EN[159:0]$22 [0] $0$memwr$\mem$/workspace/rtl/cdc/vibe_afifo.sv:50$14_EN[159:0]$22 [0] $0$memwr$\mem$/workspace/rtl/cdc/vibe_afifo.sv:50$14_EN[159:0]$22 [0] $0$memwr$\mem$/workspace/rtl/cdc/vibe_afifo.sv:50$14_EN[159:0]$22 [0] $0$memwr$\mem$/workspace/rtl/cdc/vibe_afifo.sv:50$14_EN[159:0]$22 [0] $0$memwr$\mem$/workspace/rtl/cdc/vibe_afifo.sv:50$14_EN[159:0]$22 [0] $0$memwr$\mem$/workspace/rtl/cdc/vibe_afifo.sv:50$14_EN[159:0]$22 [0] $0$memwr$\mem$/workspace/rtl/cdc/vibe_afifo.sv:50$14_EN[159:0]$22 [0] $0$memwr$\mem$/workspace/rtl/cdc/vibe_afifo.sv:50$14_EN[159:0]$22 [0] $0$memwr$\mem$/workspace/rtl/cdc/vibe_afifo.sv:50$14_EN[159:0]$22 [0] $0$memwr$\mem$/workspace/rtl/cdc/vibe_afifo.sv:50$14_EN[159:0]$22 [0] $0$memwr$\mem$/workspace/rtl/cdc/vibe_afifo.sv:50$14_EN[159:0]$22 [0] $0$memwr$\mem$/workspace/rtl/cdc/vibe_afifo.sv:50$14_EN[159:0]$22 [0] $0$memwr$\mem$/workspace/rtl/cdc/vibe_afifo.sv:50$14_EN[159:0]$22 [0] $0$memwr$\mem$/workspace/rtl/cdc/vibe_afifo.sv:50$14_EN[159:0]$22 [0] $0$memwr$\mem$/workspace/rtl/cdc/vibe_afifo.sv:50$14_EN[159:0]$22 [0] $0$memwr$\mem$/workspace/rtl/cdc/vibe_afifo.sv:50$14_EN[159:0]$22 [0] $0$memwr$\mem$/workspace/rtl/cdc/vibe_afifo.sv:50$14_EN[159:0]$22 [0] $0$memwr$\mem$/workspace/rtl/cdc/vibe_afifo.sv:50$14_EN[159:0]$22 [0] $0$memwr$\mem$/workspace/rtl/cdc/vibe_afifo.sv:50$14_EN[159:0]$22 [0] $0$memwr$\mem$/workspace/rtl/cdc/vibe_afifo.sv:50$14_EN[159:0]$22 [0] $0$memwr$\mem$/workspace/rtl/cdc/vibe_afifo.sv:50$14_EN[159:0]$22 [0] $0$memwr$\mem$/workspace/rtl/cdc/vibe_afifo.sv:50$14_EN[159:0]$22 [0] $0$memwr$\mem$/workspace/rtl/cdc/vibe_afifo.sv:50$14_EN[159:0]$22 [0] $0$memwr$\mem$/workspace/rtl/cdc/vibe_afifo.sv:50$14_EN[159:0]$22 [0] $0$memwr$\mem$/workspace/rtl/cdc/vibe_afifo.sv:50$14_EN[159:0]$22 [0] $0$memwr$\mem$/workspace/rtl/cdc/vibe_afifo.sv:50$14_EN[159:0]$22 [0] $0$memwr$\mem$/workspace/rtl/cdc/vibe_afifo.sv:50$14_EN[159:0]$22 [0] $0$memwr$\mem$/workspace/rtl/cdc/vibe_afifo.sv:50$14_EN[159:0]$22 [0] $0$memwr$\mem$/workspace/rtl/cdc/vibe_afifo.sv:50$14_EN[159:0]$22 [0] $0$memwr$\mem$/workspace/rtl/cdc/vibe_afifo.sv:50$14_EN[159:0]$22 [0] $0$memwr$\mem$/workspace/rtl/cdc/vibe_afifo.sv:50$14_EN[159:0]$22 [0] $0$memwr$\mem$/workspace/rtl/cdc/vibe_afifo.sv:50$14_EN[159:0]$22 [0] $0$memwr$\mem$/workspace/rtl/cdc/vibe_afifo.sv:50$14_EN[159:0]$22 [0] $0$memwr$\mem$/workspace/rtl/cdc/vibe_afifo.sv:50$14_EN[159:0]$22 [0] $0$memwr$\mem$/workspace/rtl/cdc/vibe_afifo.sv:50$14_EN[159:0]$22 [0] $0$memwr$\mem$/workspace/rtl/cdc/vibe_afifo.sv:50$14_EN[159:0]$22 [0] $0$memwr$\mem$/workspace/rtl/cdc/vibe_afifo.sv:50$14_EN[159:0]$22 [0] $0$memwr$\mem$/workspace/rtl/cdc/vibe_afifo.sv:50$14_EN[159:0]$22 [0] $0$memwr$\mem$/workspace/rtl/cdc/vibe_afifo.sv:50$14_EN[159:0]$22 [0] $0$memwr$\mem$/workspace/rtl/cdc/vibe_afifo.sv:50$14_EN[159:0]$22 [0] $0$memwr$\mem$/workspace/rtl/cdc/vibe_afifo.sv:50$14_EN[159:0]$22 [0] $0$memwr$\mem$/workspace/rtl/cdc/vibe_afifo.sv:50$14_EN[159:0]$22 [0] $0$memwr$\mem$/workspace/rtl/cdc/vibe_afifo.sv:50$14_EN[159:0]$22 [0] $0$memwr$\mem$/workspace/rtl/cdc/vibe_afifo.sv:50$14_EN[159:0]$22 [0] $0$memwr$\mem$/workspace/rtl/cdc/vibe_afifo.sv:50$14_EN[159:0]$22 [0] $0$memwr$\mem$/workspace/rtl/cdc/vibe_afifo.sv:50$14_EN[159:0]$22 [0] $0$memwr$\mem$/workspace/rtl/cdc/vibe_afifo.sv:50$14_EN[159:0]$22 [0] $0$memwr$\mem$/workspace/rtl/cdc/vibe_afifo.sv:50$14_EN[159:0]$22 [0] $0$memwr$\mem$/workspace/rtl/cdc/vibe_afifo.sv:50$14_EN[159:0]$22 [0] $0$memwr$\mem$/workspace/rtl/cdc/vibe_afifo.sv:50$14_EN[159:0]$22 [0] $0$memwr$\mem$/workspace/rtl/cdc/vibe_afifo.sv:50$14_EN[159:0]$22 [0] $0$memwr$\mem$/workspace/rtl/cdc/vibe_afifo.sv:50$14_EN[159:0]$22 [0] $0$memwr$\mem$/workspace/rtl/cdc/vibe_afifo.sv:50$14_EN[159:0]$22 [0] $0$memwr$\mem$/workspace/rtl/cdc/vibe_afifo.sv:50$14_EN[159:0]$22 [0] }
  Optimizing cells in module \vibe_afifo.
Performed a total of 1 changes.

yosys> opt_merge

3.6.5. Executing OPT_MERGE pass (detect identical cells).
Finding identical cells in module `$paramod\vibe_sync2\W=s32'00000000000000000000000000000101'.
Finding identical cells in module `\vibe_afifo'.
Removed a total of 0 cells.

yosys> opt_dff -nodffe -nosdff

3.6.6. Executing OPT_DFF pass (perform DFF optimizations).

yosys> opt_clean

3.6.7. Executing OPT_CLEAN pass (remove unused cells and wires).
Finding unused cells or wires in module $paramod\vibe_sync2\W=s32'00000000000000000000000000000101..
Finding unused cells or wires in module \vibe_afifo..
Removed 0 unused cells and 14 unused wires.
<suppressed ~1 debug messages>

yosys> opt_expr

3.6.8. Executing OPT_EXPR pass (perform const folding).
Optimizing module $paramod\vibe_sync2\W=s32'00000000000000000000000000000101.
Optimizing module vibe_afifo.

3.6.9. Rerunning OPT passes. (Maybe there is more to do..)

yosys> opt_muxtree

3.6.10. Executing OPT_MUXTREE pass (detect dead branches in mux trees).
Running muxtree optimizer on module $paramod\vibe_sync2\W=s32'00000000000000000000000000000101..
  Creating internal representation of mux trees.
  No muxes found in this module.
Running muxtree optimizer on module \vibe_afifo..
  Creating internal representation of mux trees.
  Evaluating internal representation of mux trees.
  Analyzing evaluation results.
Removed 0 multiplexer ports.
<suppressed ~5 debug messages>

yosys> opt_reduce

3.6.11. Executing OPT_REDUCE pass (consolidate $*mux and $reduce_* inputs).
  Optimizing cells in module $paramod\vibe_sync2\W=s32'00000000000000000000000000000101.
  Optimizing cells in module \vibe_afifo.
Performed a total of 0 changes.

yosys> opt_merge

3.6.12. Executing OPT_MERGE pass (detect identical cells).
Finding identical cells in module `$paramod\vibe_sync2\W=s32'00000000000000000000000000000101'.
Finding identical cells in module `\vibe_afifo'.
Removed a total of 0 cells.

yosys> opt_dff -nodffe -nosdff

3.6.13. Executing OPT_DFF pass (perform DFF optimizations).

yosys> opt_clean

3.6.14. Executing OPT_CLEAN pass (remove unused cells and wires).
Finding unused cells or wires in module $paramod\vibe_sync2\W=s32'00000000000000000000000000000101..
Finding unused cells or wires in module \vibe_afifo..

yosys> opt_expr

3.6.15. Executing OPT_EXPR pass (perform const folding).
Optimizing module $paramod\vibe_sync2\W=s32'00000000000000000000000000000101.
Optimizing module vibe_afifo.

3.6.16. Finished OPT passes. (There is nothing left to do.)

yosys> fsm

3.7. Executing FSM pass (extract and optimize FSM).

yosys> fsm_detect

3.7.1. Executing FSM_DETECT pass (finding FSMs in design).

yosys> fsm_extract

3.7.2. Executing FSM_EXTRACT pass (extracting FSM from design).

yosys> fsm_opt

3.7.3. Executing FSM_OPT pass (simple optimizations of FSMs).

yosys> opt_clean

3.7.4. Executing OPT_CLEAN pass (remove unused cells and wires).
Finding unused cells or wires in module $paramod\vibe_sync2\W=s32'00000000000000000000000000000101..
Finding unused cells or wires in module \vibe_afifo..

yosys> fsm_opt

3.7.5. Executing FSM_OPT pass (simple optimizations of FSMs).

yosys> fsm_recode

3.7.6. Executing FSM_RECODE pass (re-assigning FSM state encoding).

yosys> fsm_info

3.7.7. Executing FSM_INFO pass (dumping all available information on FSM cells).

yosys> fsm_map

3.7.8. Executing FSM_MAP pass (mapping FSMs to basic logic).

yosys> opt

3.8. Executing OPT pass (performing simple optimizations).

yosys> opt_expr

3.8.1. Executing OPT_EXPR pass (perform const folding).
Optimizing module $paramod\vibe_sync2\W=s32'00000000000000000000000000000101.
Optimizing module vibe_afifo.

yosys> opt_merge -nomux

3.8.2. Executing OPT_MERGE pass (detect identical cells).
Finding identical cells in module `$paramod\vibe_sync2\W=s32'00000000000000000000000000000101'.
Finding identical cells in module `\vibe_afifo'.
Removed a total of 0 cells.

yosys> opt_muxtree

3.8.3. Executing OPT_MUXTREE pass (detect dead branches in mux trees).
Running muxtree optimizer on module $paramod\vibe_sync2\W=s32'00000000000000000000000000000101..
  Creating internal representation of mux trees.
  No muxes found in this module.
Running muxtree optimizer on module \vibe_afifo..
  Creating internal representation of mux trees.
  Evaluating internal representation of mux trees.
  Analyzing evaluation results.
Removed 0 multiplexer ports.
<suppressed ~5 debug messages>

yosys> opt_reduce

3.8.4. Executing OPT_REDUCE pass (consolidate $*mux and $reduce_* inputs).
  Optimizing cells in module $paramod\vibe_sync2\W=s32'00000000000000000000000000000101.
  Optimizing cells in module \vibe_afifo.
Performed a total of 0 changes.

yosys> opt_merge

3.8.5. Executing OPT_MERGE pass (detect identical cells).
Finding identical cells in module `$paramod\vibe_sync2\W=s32'00000000000000000000000000000101'.
Finding identical cells in module `\vibe_afifo'.
Removed a total of 0 cells.

yosys> opt_dff

3.8.6. Executing OPT_DFF pass (perform DFF optimizations).
Adding EN signal on $procdff$98 ($adff) from module vibe_afifo (D = $add$/workspace/rtl/cdc/vibe_afifo.sv:60$37_Y, Q = \rbin).
Adding EN signal on $procdff$103 ($adff) from module vibe_afifo (D = $add$/workspace/rtl/cdc/vibe_afifo.sv:55$32_Y, Q = \wbin).

yosys> opt_clean

3.8.7. Executing OPT_CLEAN pass (remove unused cells and wires).
Finding unused cells or wires in module $paramod\vibe_sync2\W=s32'00000000000000000000000000000101..
Finding unused cells or wires in module \vibe_afifo..
Removed 2 unused cells and 2 unused wires.
<suppressed ~3 debug messages>

yosys> opt_expr

3.8.8. Executing OPT_EXPR pass (perform const folding).
Optimizing module $paramod\vibe_sync2\W=s32'00000000000000000000000000000101.
Optimizing module vibe_afifo.

3.8.9. Rerunning OPT passes. (Maybe there is more to do..)

yosys> opt_muxtree

3.8.10. Executing OPT_MUXTREE pass (detect dead branches in mux trees).
Running muxtree optimizer on module $paramod\vibe_sync2\W=s32'00000000000000000000000000000101..
  Creating internal representation of mux trees.
  No muxes found in this module.
Running muxtree optimizer on module \vibe_afifo..
  Creating internal representation of mux trees.
  Evaluating internal representation of mux trees.
  Analyzing evaluation results.
Removed 0 multiplexer ports.
<suppressed ~3 debug messages>

yosys> opt_reduce

3.8.11. Executing OPT_REDUCE pass (consolidate $*mux and $reduce_* inputs).
  Optimizing cells in module $paramod\vibe_sync2\W=s32'00000000000000000000000000000101.
  Optimizing cells in module \vibe_afifo.
Performed a total of 0 changes.

yosys> opt_merge

3.8.12. Executing OPT_MERGE pass (detect identical cells).
Finding identical cells in module `$paramod\vibe_sync2\W=s32'00000000000000000000000000000101'.
Finding identical cells in module `\vibe_afifo'.
Removed a total of 0 cells.

yosys> opt_dff

3.8.13. Executing OPT_DFF pass (perform DFF optimizations).

yosys> opt_clean

3.8.14. Executing OPT_CLEAN pass (remove unused cells and wires).
Finding unused cells or wires in module $paramod\vibe_sync2\W=s32'00000000000000000000000000000101..
Finding unused cells or wires in module \vibe_afifo..

yosys> opt_expr

3.8.15. Executing OPT_EXPR pass (perform const folding).
Optimizing module $paramod\vibe_sync2\W=s32'00000000000000000000000000000101.
Optimizing module vibe_afifo.

3.8.16. Finished OPT passes. (There is nothing left to do.)

yosys> wreduce

3.9. Executing WREDUCE pass (reducing word size of cells).
Removed top 1 bits (of 5) from port B of cell vibe_afifo.$ge$/workspace/rtl/cdc/vibe_afifo.sv:45$17 ($ge).
Removed top 4 bits (of 5) from port B of cell vibe_afifo.$add$/workspace/rtl/cdc/vibe_afifo.sv:55$32 ($add).
Removed top 4 bits (of 5) from port B of cell vibe_afifo.$add$/workspace/rtl/cdc/vibe_afifo.sv:60$37 ($add).
Removed top 1 bits (of 5) from port A of cell vibe_afifo.$xor$/workspace/rtl/common/vibe_ub_fn.vh:134$44 ($xor).
Removed top 1 bits (of 5) from port A of cell vibe_afifo.$xor$/workspace/rtl/common/vibe_ub_fn.vh:134$50 ($xor).

yosys> peepopt

3.10. Executing PEEPOPT pass (run peephole optimizers).

yosys> opt_clean

3.11. Executing OPT_CLEAN pass (remove unused cells and wires).
Finding unused cells or wires in module $paramod\vibe_sync2\W=s32'00000000000000000000000000000101..
Finding unused cells or wires in module \vibe_afifo..

yosys> alumacc

3.12. Executing ALUMACC pass (create $alu and $macc cells).
Extracting $alu and $macc cells in module $paramod\vibe_sync2\W=s32'00000000000000000000000000000101:
  created 0 $alu and 0 $macc cells.
Extracting $alu and $macc cells in module vibe_afifo:
  creating $macc model for $add$/workspace/rtl/cdc/vibe_afifo.sv:55$32 ($add).
  creating $macc model for $add$/workspace/rtl/cdc/vibe_afifo.sv:60$37 ($add).
  creating $macc model for $sub$/workspace/rtl/cdc/vibe_afifo.sv:43$15 ($sub).
  creating $alu model for $macc $sub$/workspace/rtl/cdc/vibe_afifo.sv:43$15.
  creating $alu model for $macc $add$/workspace/rtl/cdc/vibe_afifo.sv:60$37.
  creating $alu model for $macc $add$/workspace/rtl/cdc/vibe_afifo.sv:55$32.
  creating $alu model for $ge$/workspace/rtl/cdc/vibe_afifo.sv:45$17 ($ge): new $alu
  creating $alu cell for $ge$/workspace/rtl/cdc/vibe_afifo.sv:45$17: $auto$alumacc.cc:495:replace_alu$121
  creating $alu cell for $add$/workspace/rtl/cdc/vibe_afifo.sv:55$32: $auto$alumacc.cc:495:replace_alu$134
  creating $alu cell for $add$/workspace/rtl/cdc/vibe_afifo.sv:60$37: $auto$alumacc.cc:495:replace_alu$137
  creating $alu cell for $sub$/workspace/rtl/cdc/vibe_afifo.sv:43$15: $auto$alumacc.cc:495:replace_alu$140
  created 4 $alu and 0 $macc cells.

yosys> share

3.13. Executing SHARE pass (SAT-based resource sharing).

yosys> opt

3.14. Executing OPT pass (performing simple optimizations).

yosys> opt_expr

3.14.1. Executing OPT_EXPR pass (perform const folding).
Optimizing module $paramod\vibe_sync2\W=s32'00000000000000000000000000000101.
Optimizing module vibe_afifo.

yosys> opt_merge -nomux

3.14.2. Executing OPT_MERGE pass (detect identical cells).
Finding identical cells in module `$paramod\vibe_sync2\W=s32'00000000000000000000000000000101'.
Finding identical cells in module `\vibe_afifo'.
Removed a total of 0 cells.

yosys> opt_muxtree

3.14.3. Executing OPT_MUXTREE pass (detect dead branches in mux trees).
Running muxtree optimizer on module $paramod\vibe_sync2\W=s32'00000000000000000000000000000101..
  Creating internal representation of mux trees.
  No muxes found in this module.
Running muxtree optimizer on module \vibe_afifo..
  Creating internal representation of mux trees.
  Evaluating internal representation of mux trees.
  Analyzing evaluation results.
Removed 0 multiplexer ports.
<suppressed ~3 debug messages>

yosys> opt_reduce

3.14.4. Executing OPT_REDUCE pass (consolidate $*mux and $reduce_* inputs).
  Optimizing cells in module $paramod\vibe_sync2\W=s32'00000000000000000000000000000101.
  Optimizing cells in module \vibe_afifo.
Performed a total of 0 changes.

yosys> opt_merge

3.14.5. Executing OPT_MERGE pass (detect identical cells).
Finding identical cells in module `$paramod\vibe_sync2\W=s32'00000000000000000000000000000101'.
Finding identical cells in module `\vibe_afifo'.
Removed a total of 0 cells.

yosys> opt_dff

3.14.6. Executing OPT_DFF pass (perform DFF optimizations).

yosys> opt_clean

3.14.7. Executing OPT_CLEAN pass (remove unused cells and wires).
Finding unused cells or wires in module $paramod\vibe_sync2\W=s32'00000000000000000000000000000101..
Finding unused cells or wires in module \vibe_afifo..
Removed 0 unused cells and 1 unused wires.
<suppressed ~1 debug messages>

yosys> opt_expr

3.14.8. Executing OPT_EXPR pass (perform const folding).
Optimizing module $paramod\vibe_sync2\W=s32'00000000000000000000000000000101.
Optimizing module vibe_afifo.

3.14.9. Rerunning OPT passes. (Maybe there is more to do..)

yosys> opt_muxtree

3.14.10. Executing OPT_MUXTREE pass (detect dead branches in mux trees).
Running muxtree optimizer on module $paramod\vibe_sync2\W=s32'00000000000000000000000000000101..
  Creating internal representation of mux trees.
  No muxes found in this module.
Running muxtree optimizer on module \vibe_afifo..
  Creating internal representation of mux trees.
  Evaluating internal representation of mux trees.
  Analyzing evaluation results.
Removed 0 multiplexer ports.
<suppressed ~3 debug messages>

yosys> opt_reduce

3.14.11. Executing OPT_REDUCE pass (consolidate $*mux and $reduce_* inputs).
  Optimizing cells in module $paramod\vibe_sync2\W=s32'00000000000000000000000000000101.
  Optimizing cells in module \vibe_afifo.
Performed a total of 0 changes.

yosys> opt_merge

3.14.12. Executing OPT_MERGE pass (detect identical cells).
Finding identical cells in module `$paramod\vibe_sync2\W=s32'00000000000000000000000000000101'.
Finding identical cells in module `\vibe_afifo'.
Removed a total of 0 cells.

yosys> opt_dff

3.14.13. Executing OPT_DFF pass (perform DFF optimizations).

yosys> opt_clean

3.14.14. Executing OPT_CLEAN pass (remove unused cells and wires).
Finding unused cells or wires in module $paramod\vibe_sync2\W=s32'00000000000000000000000000000101..
Finding unused cells or wires in module \vibe_afifo..

yosys> opt_expr

3.14.15. Executing OPT_EXPR pass (perform const folding).
Optimizing module $paramod\vibe_sync2\W=s32'00000000000000000000000000000101.
Optimizing module vibe_afifo.

3.14.16. Finished OPT passes. (There is nothing left to do.)

yosys> memory -nomap

3.15. Executing MEMORY pass.

yosys> opt_mem

3.15.1. Executing OPT_MEM pass (optimize memories).
Performed a total of 0 transformations.

yosys> opt_mem_priority

3.15.2. Executing OPT_MEM_PRIORITY pass (removing unnecessary memory write priority relations).
Performed a total of 0 transformations.

yosys> opt_mem_feedback

3.15.3. Executing OPT_MEM_FEEDBACK pass (finding memory read-to-write feedback paths).
  Analyzing vibe_afifo.mem write port 0.

yosys> memory_bmux2rom

3.15.4. Executing MEMORY_BMUX2ROM pass (converting muxes to ROMs).

yosys> memory_dff

3.15.5. Executing MEMORY_DFF pass (merging $dff cells to $memrd).
Checking read port `\mem'[0] in module `\vibe_afifo': no output FF found.
Checking read port address `\mem'[0] in module `\vibe_afifo': address FF has async set and/or reset, not supported.

yosys> opt_clean

3.15.6. Executing OPT_CLEAN pass (remove unused cells and wires).
Finding unused cells or wires in module $paramod\vibe_sync2\W=s32'00000000000000000000000000000101..
Finding unused cells or wires in module \vibe_afifo..

yosys> memory_share

3.15.7. Executing MEMORY_SHARE pass (consolidating $memrd/$memwr cells).

yosys> opt_mem_widen

3.15.8. Executing OPT_MEM_WIDEN pass (optimize memories where all ports are wide).
Performed a total of 0 transformations.

yosys> opt_clean

3.15.9. Executing OPT_CLEAN pass (remove unused cells and wires).
Finding unused cells or wires in module $paramod\vibe_sync2\W=s32'00000000000000000000000000000101..
Finding unused cells or wires in module \vibe_afifo..

yosys> memory_collect

3.15.10. Executing MEMORY_COLLECT pass (generating $mem cells).

yosys> opt_clean

3.16. Executing OPT_CLEAN pass (remove unused cells and wires).
Finding unused cells or wires in module $paramod\vibe_sync2\W=s32'00000000000000000000000000000101..
Finding unused cells or wires in module \vibe_afifo..

yosys> tee -o /workspace/reports/synth/blocks/vibe_afifo/hierarchy.rpt stat

yosys> stat

4. Printing statistics.

=== $paramod\vibe_sync2\W=s32'00000000000000000000000000000101 ===

   Number of wires:                  5
   Number of wire bits:             17
   Number of public wires:           5
   Number of public wire bits:      17
   Number of ports:                  4
   Number of port bits:             12
   Number of memories:               0
   Number of memory bits:            0
   Number of processes:              0
   Number of cells:                  2
     $adff                           2

=== vibe_afifo ===

   Number of wires:                 46
   Number of wire bits:            781
   Number of public wires:          24
   Number of public wire bits:     394
   Number of ports:                 12
   Number of port bits:            334
   Number of memories:               0
   Number of memory bits:            0
   Number of processes:              0
   Number of cells:                 33
     $adffe                          2
     $alu                            4
     $eq                             2
     $logic_and                      2
     $logic_not                      2
     $mem_v2                         1
     $mux                            3
     $not                            2
     $or                             1
     $paramod\vibe_sync2\W=s32'00000000000000000000000000000101      2
     $reduce_and                     1
     $reduce_or                      1
     $xor                           10

=== design hierarchy ===

   vibe_afifo                        1
     $paramod\vibe_sync2\W=s32'00000000000000000000000000000101      2

   Number of wires:                 56
   Number of wire bits:            815
   Number of public wires:          34
   Number of public wire bits:     428
   Number of ports:                 20
   Number of port bits:            358
   Number of memories:               0
   Number of memory bits:            0
   Number of processes:              0
   Number of cells:                 35
     $adff                           4
     $adffe                          2
     $alu                            4
     $eq                             2
     $logic_and                      2
     $logic_not                      2
     $mem_v2                         1
     $mux                            3
     $not                            2
     $or                             1
     $reduce_and                     1
     $reduce_or                      1
     $xor                           10


yosys> opt -fast -full

5. Executing OPT pass (performing simple optimizations).

yosys> opt_expr -full

5.1. Executing OPT_EXPR pass (perform const folding).
Optimizing module $paramod\vibe_sync2\W=s32'00000000000000000000000000000101.
Optimizing module vibe_afifo.
<suppressed ~14 debug messages>

yosys> opt_merge

5.2. Executing OPT_MERGE pass (detect identical cells).
Finding identical cells in module `$paramod\vibe_sync2\W=s32'00000000000000000000000000000101'.
Finding identical cells in module `\vibe_afifo'.
Removed a total of 0 cells.

yosys> opt_dff

5.3. Executing OPT_DFF pass (perform DFF optimizations).

yosys> opt_clean

5.4. Executing OPT_CLEAN pass (remove unused cells and wires).
Finding unused cells or wires in module $paramod\vibe_sync2\W=s32'00000000000000000000000000000101..
Finding unused cells or wires in module \vibe_afifo..
Removed 0 unused cells and 8 unused wires.
<suppressed ~1 debug messages>

5.5. Finished fast OPT passes.

yosys> techmap

6. Executing TECHMAP pass (map to technology primitives).

6.1. Executing Verilog-2005 frontend: /tmp/oss-cad/oss-cad-suite/lib/../share/yosys/techmap.v
Parsing Verilog input from `/tmp/oss-cad/oss-cad-suite/lib/../share/yosys/techmap.v' to AST representation.
Generating RTLIL representation for module `\_90_simplemap_bool_ops'.
Generating RTLIL representation for module `\_90_simplemap_reduce_ops'.
Generating RTLIL representation for module `\_90_simplemap_logic_ops'.
Generating RTLIL representation for module `\_90_simplemap_compare_ops'.
Generating RTLIL representation for module `\_90_simplemap_various'.
Generating RTLIL representation for module `\_90_simplemap_registers'.
Generating RTLIL representation for module `\_90_shift_ops_shr_shl_sshl_sshr'.
Generating RTLIL representation for module `\_90_shift_shiftx'.
Generating RTLIL representation for module `\_90_fa'.
Generating RTLIL representation for module `\_90_lcu_brent_kung'.
Generating RTLIL representation for module `\_90_alu'.
Generating RTLIL representation for module `\_90_macc'.
Generating RTLIL representation for module `\_90_alumacc'.
Generating RTLIL representation for module `\$__div_mod_u'.
Generating RTLIL representation for module `\$__div_mod_trunc'.
Generating RTLIL representation for module `\_90_div'.
Generating RTLIL representation for module `\_90_mod'.
Generating RTLIL representation for module `\$__div_mod_floor'.
Generating RTLIL representation for module `\_90_divfloor'.
Generating RTLIL representation for module `\_90_modfloor'.
Generating RTLIL representation for module `\_90_pow'.
Generating RTLIL representation for module `\_90_pmux'.
Generating RTLIL representation for module `\_90_demux'.
Generating RTLIL representation for module `\_90_lut'.
Successfully finished Verilog frontend.

6.2. Continuing TECHMAP pass.
Using extmapper simplemap for cells of type $xor.
Using extmapper simplemap for cells of type $eq.
Using template $paramod$672a140277c71df8314410f22acc08d55222c3c7\_90_alu for cells of type $alu.
Using extmapper simplemap for cells of type $logic_not.
Using extmapper simplemap for cells of type $logic_and.
Using template $paramod$b18e16801adf491a64caa0542270798e5d4ac6b6\_90_alu for cells of type $alu.
Using template $paramod$f956edc9fe4df758d9fdb10bfc518a364c99e75e\_90_alu for cells of type $alu.
Using extmapper simplemap for cells of type $adffe.
Using extmapper simplemap for cells of type $reduce_and.
Using extmapper simplemap for cells of type $or.
Using extmapper simplemap for cells of type $reduce_or.
Using extmapper simplemap for cells of type $not.
Using extmapper simplemap for cells of type $and.
Using template $paramod\_90_lcu_brent_kung\WIDTH=32'00000000000000000000000000000101 for cells of type $lcu.
Using extmapper simplemap for cells of type $pos.
Using extmapper simplemap for cells of type $mux.
Using template $paramod\_90_lcu_brent_kung\WIDTH=32'00000000000000000000000000000100 for cells of type $lcu.
Using extmapper simplemap for cells of type $adff.
No more expansions possible.
<suppressed ~575 debug messages>

yosys> opt -fast

7. Executing OPT pass (performing simple optimizations).

yosys> opt_expr

7.1. Executing OPT_EXPR pass (perform const folding).
Optimizing module $paramod\vibe_sync2\W=s32'00000000000000000000000000000101.
Optimizing module vibe_afifo.
<suppressed ~89 debug messages>

yosys> opt_merge

7.2. Executing OPT_MERGE pass (detect identical cells).
Finding identical cells in module `$paramod\vibe_sync2\W=s32'00000000000000000000000000000101'.
Finding identical cells in module `\vibe_afifo'.
<suppressed ~15 debug messages>
Removed a total of 5 cells.

yosys> opt_dff

7.3. Executing OPT_DFF pass (perform DFF optimizations).

yosys> opt_clean

7.4. Executing OPT_CLEAN pass (remove unused cells and wires).
Finding unused cells or wires in module $paramod\vibe_sync2\W=s32'00000000000000000000000000000101..
Finding unused cells or wires in module \vibe_afifo..
Removed 18 unused cells and 133 unused wires.
<suppressed ~19 debug messages>

7.5. Finished fast OPT passes.

yosys> dfflibmap -liberty /workspace/scripts/synth/work/sky130_fd_sc_hd__tt_025C_1v80.lib

8. Executing DFFLIBMAP pass (mapping DFF cells to sequential cells from liberty file).
  cell sky130_fd_sc_hd__dfxtp_1 (noninv, pins=3, area=20.02) is a direct match for cell type $_DFF_P_.
  cell sky130_fd_sc_hd__dfrtn_1 (noninv, pins=4, area=25.02) is a direct match for cell type $_DFF_NN0_.
  cell sky130_fd_sc_hd__dfrtp_1 (noninv, pins=4, area=25.02) is a direct match for cell type $_DFF_PN0_.
  cell sky130_fd_sc_hd__dfstp_2 (noninv, pins=4, area=26.28) is a direct match for cell type $_DFF_PN1_.
  cell sky130_fd_sc_hd__edfxtp_1 (noninv, pins=4, area=30.03) is a direct match for cell type $_DFFE_PP_.
  cell sky130_fd_sc_hd__dfbbn_1 (noninv, pins=6, area=32.53) is a direct match for cell type $_DFFSR_NNN_.
  cell sky130_fd_sc_hd__dfbbp_1 (noninv, pins=6, area=32.53) is a direct match for cell type $_DFFSR_PNN_.
  final dff cell mappings:
    unmapped dff cell: $_DFF_N_
    \sky130_fd_sc_hd__dfxtp_1 _DFF_P_ (.CLK( C), .D( D), .Q( Q));
    \sky130_fd_sc_hd__dfrtn_1 _DFF_NN0_ (.CLK_N( C), .D( D), .Q( Q), .RESET_B( R));
    unmapped dff cell: $_DFF_NN1_
    unmapped dff cell: $_DFF_NP0_
    unmapped dff cell: $_DFF_NP1_
    \sky130_fd_sc_hd__dfrtp_1 _DFF_PN0_ (.CLK( C), .D( D), .Q( Q), .RESET_B( R));
    \sky130_fd_sc_hd__dfstp_2 _DFF_PN1_ (.CLK( C), .D( D), .Q( Q), .SET_B( R));
    unmapped dff cell: $_DFF_PP0_
    unmapped dff cell: $_DFF_PP1_
    unmapped dff cell: $_DFFE_NN_
    unmapped dff cell: $_DFFE_NP_
    unmapped dff cell: $_DFFE_PN_
    \sky130_fd_sc_hd__edfxtp_1 _DFFE_PP_ (.CLK( C), .D( D), .DE( E), .Q( Q));
    \sky130_fd_sc_hd__dfbbn_1 _DFFSR_NNN_ (.CLK_N( C), .D( D), .Q( Q), .Q_N(~Q), .RESET_B( R), .SET_B( S));
    unmapped dff cell: $_DFFSR_NNP_
    unmapped dff cell: $_DFFSR_NPN_
    unmapped dff cell: $_DFFSR_NPP_
    \sky130_fd_sc_hd__dfbbp_1 _DFFSR_PNN_ (.CLK( C), .D( D), .Q( Q), .Q_N(~Q), .RESET_B( R), .SET_B( S));
    unmapped dff cell: $_DFFSR_PNP_
    unmapped dff cell: $_DFFSR_PPN_
    unmapped dff cell: $_DFFSR_PPP_

yosys> dfflegalize -cell $_DFF_P_ 01 -cell $_DFFE_PP_ 01 -cell $_DFF_NN0_ 01 -cell $_DFF_PN0_ 01 -cell $_DFF_PN1_ 01 -cell $_DFFSR_NNN_ 01 -cell $_DFFSR_PNN_ 01 t:$_DFF* t:$_SDFF*

8.1. Executing DFFLEGALIZE pass (convert FFs to types supported by the target).
<suppressed ~24 debug messages>
Mapping DFF cells in module `$paramod\vibe_sync2\W=s32'00000000000000000000000000000101':
  mapped 10 $_DFF_PN0_ cells to \sky130_fd_sc_hd__dfrtp_1 cells.
Mapping DFF cells in module `\vibe_afifo':
  mapped 10 $_DFF_PN0_ cells to \sky130_fd_sc_hd__dfrtp_1 cells.

yosys> abc -liberty /workspace/scripts/synth/work/sky130_fd_sc_hd__tt_025C_1v80.lib

9. Executing ABC pass (technology mapping using ABC).

9.1. Extracting gate netlist of module `$paramod\vibe_sync2\W=s32'00000000000000000000000000000101' to `<abc-temp-dir>/input.blif'..
Extracted 0 gates and 0 wires to a netlist network with 0 inputs and 0 outputs.
Don't call ABC as there is nothing to map.
Removing temp directory.

9.2. Extracting gate netlist of module `\vibe_afifo' to `<abc-temp-dir>/input.blif'..
Extracted 103 gates and 125 wires to a netlist network with 22 inputs and 27 outputs.

9.2.1. Executing ABC.
Running ABC command: "<yosys-exe-dir>/yosys-abc" -s -f <abc-temp-dir>/abc.script 2>&1
ABC: ABC command line: "source <abc-temp-dir>/abc.script".
ABC: 
ABC: + read_blif <abc-temp-dir>/input.blif 
ABC: + read_lib -w /workspace/scripts/synth/work/sky130_fd_sc_hd__tt_025C_1v80.lib 
ABC: Parsing finished successfully.  Parsing time =     0.06 sec
ABC: Scl_LibertyReadGenlib() skipped cell "sky130_fd_sc_hd__decap_12" without logic function.
ABC: Scl_LibertyReadGenlib() skipped cell "sky130_fd_sc_hd__decap_3" without logic function.
ABC: Scl_LibertyReadGenlib() skipped cell "sky130_fd_sc_hd__decap_4" without logic function.
ABC: Scl_LibertyReadGenlib() skipped cell "sky130_fd_sc_hd__decap_6" without logic function.
ABC: Scl_LibertyReadGenlib() skipped cell "sky130_fd_sc_hd__decap_8" without logic function.
ABC: Scl_LibertyReadGenlib() skipped sequential cell "sky130_fd_sc_hd__dfbbn_1".
ABC: Scl_LibertyReadGenlib() skipped sequential cell "sky130_fd_sc_hd__dfbbn_2".
ABC: Scl_LibertyReadGenlib() skipped sequential cell "sky130_fd_sc_hd__dfbbp_1".
ABC: Scl_LibertyReadGenlib() skipped sequential cell "sky130_fd_sc_hd__dfrbp_1".
ABC: Scl_LibertyReadGenlib() skipped sequential cell "sky130_fd_sc_hd__dfrbp_2".
ABC: Scl_LibertyReadGenlib() skipped sequential cell "sky130_fd_sc_hd__dfrtn_1".
ABC: Scl_LibertyReadGenlib() skipped sequential cell "sky130_fd_sc_hd__dfrtp_1".
ABC: Scl_LibertyReadGenlib() skipped sequential cell "sky130_fd_sc_hd__dfrtp_2".
ABC: Scl_LibertyReadGenlib() skipped sequential cell "sky130_fd_sc_hd__dfrtp_4".
ABC: Scl_LibertyReadGenlib() skipped sequential cell "sky130_fd_sc_hd__dfsbp_1".
ABC: Scl_LibertyReadGenlib() skipped sequential cell "sky130_fd_sc_hd__dfsbp_2".
ABC: Scl_LibertyReadGenlib() skipped sequential cell "sky130_fd_sc_hd__dfstp_1".
ABC: Scl_LibertyReadGenlib() skipped sequential cell "sky130_fd_sc_hd__dfstp_2".
ABC: Scl_LibertyReadGenlib() skipped sequential cell "sky130_fd_sc_hd__dfstp_4".
ABC: Scl_LibertyReadGenlib() skipped sequential cell "sky130_fd_sc_hd__dfxbp_1".
ABC: Scl_LibertyReadGenlib() skipped sequential cell "sky130_fd_sc_hd__dfxbp_2".
ABC: Scl_LibertyReadGenlib() skipped sequential cell "sky130_fd_sc_hd__dfxtp_1".
ABC: Scl_LibertyReadGenlib() skipped sequential cell "sky130_fd_sc_hd__dfxtp_2".
ABC: Scl_LibertyReadGenlib() skipped sequential cell "sky130_fd_sc_hd__dfxtp_4".
ABC: Scl_LibertyReadGenlib() skipped cell "sky130_fd_sc_hd__diode_2" without logic function.
ABC: Scl_LibertyReadGenlib() skipped cell "sky130_fd_sc_hd__dlclkp_1" without logic function.
ABC: Scl_LibertyReadGenlib() skipped cell "sky130_fd_sc_hd__dlclkp_2" without logic function.
ABC: Scl_LibertyReadGenlib() skipped cell "sky130_fd_sc_hd__dlclkp_4" without logic function.
ABC: Scl_LibertyReadGenlib() skipped sequential cell "sky130_fd_sc_hd__dlrbn_1".
ABC: Scl_LibertyReadGenlib() skipped sequential cell "sky130_fd_sc_hd__dlrbn_2".
ABC: Scl_LibertyReadGenlib() skipped sequential cell "sky130_fd_sc_hd__dlrbp_1".
ABC: Scl_LibertyReadGenlib() skipped sequential cell "sky130_fd_sc_hd__dlrbp_2".
ABC: Scl_LibertyReadGenlib() skipped sequential cell "sky130_fd_sc_hd__dlrtn_1".
ABC: Scl_LibertyReadGenlib() skipped sequential cell "sky130_fd_sc_hd__dlrtn_2".
ABC: Scl_LibertyReadGenlib() skipped sequential cell "sky130_fd_sc_hd__dlrtn_4".
ABC: Scl_LibertyReadGenlib() skipped sequential cell "sky130_fd_sc_hd__dlrtp_1".
ABC: Scl_LibertyReadGenlib() skipped sequential cell "sky130_fd_sc_hd__dlrtp_2".
ABC: Scl_LibertyReadGenlib() skipped sequential cell "sky130_fd_sc_hd__dlrtp_4".
ABC: Scl_LibertyReadGenlib() skipped sequential cell "sky130_fd_sc_hd__dlxbn_1".
ABC: Scl_LibertyReadGenlib() skipped sequential cell "sky130_fd_sc_hd__dlxbn_2".
ABC: Scl_LibertyReadGenlib() skipped sequential cell "sky130_fd_sc_hd__dlxbp_1".
ABC: Scl_LibertyReadGenlib() skipped sequential cell "sky130_fd_sc_hd__dlxtn_1".
ABC: Scl_LibertyReadGenlib() skipped sequential cell "sky130_fd_sc_hd__dlxtn_2".
ABC: Scl_LibertyReadGenlib() skipped sequential cell "sky130_fd_sc_hd__dlxtn_4".
ABC: Scl_LibertyReadGenlib() skipped sequential cell "sky130_fd_sc_hd__dlxtp_1".
ABC: Scl_LibertyReadGenlib() skipped three-state cell "sky130_fd_sc_hd__ebufn_1".
ABC: Scl_LibertyReadGenlib() skipped three-state cell "sky130_fd_sc_hd__ebufn_2".
ABC: Scl_LibertyReadGenlib() skipped three-state cell "sky130_fd_sc_hd__ebufn_4".
ABC: Scl_LibertyReadGenlib() skipped three-state cell "sky130_fd_sc_hd__ebufn_8".
ABC: Scl_LibertyReadGenlib() skipped sequential cell "sky130_fd_sc_hd__edfxbp_1".
ABC: Scl_LibertyReadGenlib() skipped sequential cell "sky130_fd_sc_hd__edfxtp_1".
ABC: Scl_LibertyReadGenlib() skipped three-state cell "sky130_fd_sc_hd__einvn_0".
ABC: Scl_LibertyReadGenlib() skipped three-state cell "sky130_fd_sc_hd__einvn_1".
ABC: Scl_LibertyReadGenlib() skipped three-state cell "sky130_fd_sc_hd__einvn_2".
ABC: Scl_LibertyReadGenlib() skipped three-state cell "sky130_fd_sc_hd__einvn_4".
ABC: Scl_LibertyReadGenlib() skipped three-state cell "sky130_fd_sc_hd__einvn_8".
ABC: Scl_LibertyReadGenlib() skipped three-state cell "sky130_fd_sc_hd__einvp_1".
ABC: Scl_LibertyReadGenlib() skipped three-state cell "sky130_fd_sc_hd__einvp_2".
ABC: Scl_LibertyReadGenlib() skipped three-state cell "sky130_fd_sc_hd__einvp_4".
ABC: Scl_LibertyReadGenlib() skipped three-state cell "sky130_fd_sc_hd__einvp_8".
ABC: Scl_LibertyReadGenlib() skipped cell "sky130_fd_sc_hd__lpflow_bleeder_1" without logic function.
ABC: Scl_LibertyReadGenlib() skipped cell "sky130_fd_sc_hd__lpflow_decapkapwr_12" without logic function.
ABC: Scl_LibertyReadGenlib() skipped cell "sky130_fd_sc_hd__lpflow_decapkapwr_3" without logic function.
ABC: Scl_LibertyReadGenlib() skipped cell "sky130_fd_sc_hd__lpflow_decapkapwr_4" without logic function.
ABC: Scl_LibertyReadGenlib() skipped cell "sky130_fd_sc_hd__lpflow_decapkapwr_6" without logic function.
ABC: Scl_LibertyReadGenlib() skipped cell "sky130_fd_sc_hd__lpflow_decapkapwr_8" without logic function.
ABC: Scl_LibertyReadGenlib() skipped sequential cell "sky130_fd_sc_hd__lpflow_inputisolatch_1".
ABC: Scl_LibertyReadGenlib() skipped sequential cell "sky130_fd_sc_hd__sdfbbn_1".
ABC: Scl_LibertyReadGenlib() skipped sequential cell "sky130_fd_sc_hd__sdfbbn_2".
ABC: Scl_LibertyReadGenlib() skipped sequential cell "sky130_fd_sc_hd__sdfbbp_1".
ABC: Scl_LibertyReadGenlib() skipped sequential cell "sky130_fd_sc_hd__sdfrbp_1".
ABC: Scl_LibertyReadGenlib() skipped sequential cell "sky130_fd_sc_hd__sdfrbp_2".
ABC: Scl_LibertyReadGenlib() skipped sequential cell "sky130_fd_sc_hd__sdfrtn_1".
ABC: Scl_LibertyReadGenlib() skipped sequential cell "sky130_fd_sc_hd__sdfrtp_1".
ABC: Scl_LibertyReadGenlib() skipped sequential cell "sky130_fd_sc_hd__sdfrtp_2".
ABC: Scl_LibertyReadGenlib() skipped sequential cell "sky130_fd_sc_hd__sdfrtp_4".
ABC: Scl_LibertyReadGenlib() skipped sequential cell "sky130_fd_sc_hd__sdfsbp_1".
ABC: Scl_LibertyReadGenlib() skipped sequential cell "sky130_fd_sc_hd__sdfsbp_2".
ABC: Scl_LibertyReadGenlib() skipped sequential cell "sky130_fd_sc_hd__sdfstp_1".
ABC: Scl_LibertyReadGenlib() skipped sequential cell "sky130_fd_sc_hd__sdfstp_2".
ABC: Scl_LibertyReadGenlib() skipped sequential cell "sky130_fd_sc_hd__sdfstp_4".
ABC: Scl_LibertyReadGenlib() skipped sequential cell "sky130_fd_sc_hd__sdfxbp_1".
ABC: Scl_LibertyReadGenlib() skipped sequential cell "sky130_fd_sc_hd__sdfxbp_2".
ABC: Scl_LibertyReadGenlib() skipped sequential cell "sky130_fd_sc_hd__sdfxtp_1".
ABC: Scl_LibertyReadGenlib() skipped sequential cell "sky130_fd_sc_hd__sdfxtp_2".
ABC: Scl_LibertyReadGenlib() skipped sequential cell "sky130_fd_sc_hd__sdfxtp_4".
ABC: Scl_LibertyReadGenlib() skipped cell "sky130_fd_sc_hd__sdlclkp_1" without logic function.
ABC: Scl_LibertyReadGenlib() skipped cell "sky130_fd_sc_hd__sdlclkp_2" without logic function.
ABC: Scl_LibertyReadGenlib() skipped cell "sky130_fd_sc_hd__sdlclkp_4" without logic function.
ABC: Scl_LibertyReadGenlib() skipped sequential cell "sky130_fd_sc_hd__sedfxbp_1".
ABC: Scl_LibertyReadGenlib() skipped sequential cell "sky130_fd_sc_hd__sedfxbp_2".
ABC: Scl_LibertyReadGenlib() skipped sequential cell "sky130_fd_sc_hd__sedfxtp_1".
ABC: Scl_LibertyReadGenlib() skipped sequential cell "sky130_fd_sc_hd__sedfxtp_2".
ABC: Scl_LibertyReadGenlib() skipped sequential cell "sky130_fd_sc_hd__sedfxtp_4".
ABC: Library "sky130_fd_sc_hd__tt_025C_1v80" from "/workspace/scripts/synth/work/sky130_fd_sc_hd__tt_025C_1v80.lib" has 334 cells (94 skipped: 63 seq; 13 tri-state; 18 no func; 0 dont_use).  Time =     0.09 sec
ABC: Memory =   19.81 MB. Time =     0.09 sec
ABC: Warning: Detected 9 multi-output gates (for example, "sky130_fd_sc_hd__fa_1").
ABC: + strash 
ABC: + &get -n 
ABC: + &fraig -x 
ABC: + &put 
ABC: + scorr 
ABC: Warning: The network is combinational (run "fraig" or "fraig_sweep").
ABC: + dc2 
ABC: + dretime 
ABC: + strash 
ABC: + &get -n 
ABC: + &dch -f 
ABC: + &nf 
ABC: + &put 
ABC: + write_blif <abc-temp-dir>/output.blif 

9.2.2. Re-integrating ABC results.
ABC RESULTS:   sky130_fd_sc_hd__a211oi_1 cells:        1
ABC RESULTS:   sky130_fd_sc_hd__a21boi_0 cells:        1
ABC RESULTS:   sky130_fd_sc_hd__a21o_1 cells:        1
ABC RESULTS:   sky130_fd_sc_hd__a21oi_1 cells:        2
ABC RESULTS:   sky130_fd_sc_hd__a31oi_1 cells:        1
ABC RESULTS:   sky130_fd_sc_hd__and2_0 cells:        3
ABC RESULTS:   sky130_fd_sc_hd__and3_1 cells:        1
ABC RESULTS:   sky130_fd_sc_hd__and3b_1 cells:        1
ABC RESULTS:   sky130_fd_sc_hd__and4_1 cells:        1
ABC RESULTS:   sky130_fd_sc_hd__clkinv_1 cells:        5
ABC RESULTS:   sky130_fd_sc_hd__lpflow_inputiso1p_1 cells:        2
ABC RESULTS:   sky130_fd_sc_hd__lpflow_isobufsrc_1 cells:        1
ABC RESULTS:   sky130_fd_sc_hd__nand2_1 cells:        5
ABC RESULTS:   sky130_fd_sc_hd__nand2b_1 cells:        1
ABC RESULTS:   sky130_fd_sc_hd__nand3_1 cells:        1
ABC RESULTS:   sky130_fd_sc_hd__nand4_1 cells:        1
ABC RESULTS:   sky130_fd_sc_hd__nor2_1 cells:        4
ABC RESULTS:   sky130_fd_sc_hd__nor3_1 cells:        2
ABC RESULTS:   sky130_fd_sc_hd__o211ai_1 cells:        1
ABC RESULTS:   sky130_fd_sc_hd__o21a_1 cells:        1
ABC RESULTS:   sky130_fd_sc_hd__o21ai_0 cells:        4
ABC RESULTS:   sky130_fd_sc_hd__o41a_1 cells:        1
ABC RESULTS:   sky130_fd_sc_hd__or3b_1 cells:        1
ABC RESULTS:   sky130_fd_sc_hd__xnor2_1 cells:       14
ABC RESULTS:   sky130_fd_sc_hd__xnor3_1 cells:        1
ABC RESULTS:   sky130_fd_sc_hd__xor2_1 cells:       14
ABC RESULTS:   sky130_fd_sc_hd__xor3_1 cells:        2
ABC RESULTS:        internal signals:       76
ABC RESULTS:           input signals:       22
ABC RESULTS:          output signals:       27
Removing temp directory.

yosys> opt_clean

10. Executing OPT_CLEAN pass (remove unused cells and wires).
Finding unused cells or wires in module $paramod\vibe_sync2\W=s32'00000000000000000000000000000101..
Finding unused cells or wires in module \vibe_afifo..
Removed 0 unused cells and 86 unused wires.
<suppressed ~1 debug messages>

yosys> tee -o /workspace/reports/synth/blocks/vibe_afifo/stat.rpt stat -liberty /workspace/scripts/synth/work/sky130_fd_sc_hd__tt_025C_1v80.lib

yosys> stat -liberty /workspace/scripts/synth/work/sky130_fd_sc_hd__tt_025C_1v80.lib

11. Printing statistics.

=== $paramod\vibe_sync2\W=s32'00000000000000000000000000000101 ===

   Number of wires:                  5
   Number of wire bits:             17
   Number of public wires:           5
   Number of public wire bits:      17
   Number of ports:                  4
   Number of port bits:             12
   Number of memories:               0
   Number of memory bits:            0
   Number of processes:              0
   Number of cells:                 10
     sky130_fd_sc_hd__dfrtp_1       10

   Chip area for module '$paramod\vibe_sync2\W=s32'00000000000000000000000000000101': 250.240000
     of which used for sequential elements: 250.240000 (100.00%)

=== vibe_afifo ===

   Number of wires:                 81
   Number of wire bits:            610
   Number of public wires:          24
   Number of public wire bits:     394
   Number of ports:                 12
   Number of port bits:            334
   Number of memories:               0
   Number of memory bits:            0
   Number of processes:              0
   Number of cells:                 86
     $mem_v2                         1
     $paramod\vibe_sync2\W=s32'00000000000000000000000000000101      2
     sky130_fd_sc_hd__a211oi_1       1
     sky130_fd_sc_hd__a21boi_0       1
     sky130_fd_sc_hd__a21o_1         1
     sky130_fd_sc_hd__a21oi_1        2
     sky130_fd_sc_hd__a31oi_1        1
     sky130_fd_sc_hd__and2_0         3
     sky130_fd_sc_hd__and3_1         1
     sky130_fd_sc_hd__and3b_1        1
     sky130_fd_sc_hd__and4_1         1
     sky130_fd_sc_hd__clkinv_1       5
     sky130_fd_sc_hd__dfrtp_1       10
     sky130_fd_sc_hd__lpflow_inputiso1p_1      2
     sky130_fd_sc_hd__lpflow_isobufsrc_1      1
     sky130_fd_sc_hd__nand2_1        5
     sky130_fd_sc_hd__nand2b_1       1
     sky130_fd_sc_hd__nand3_1        1
     sky130_fd_sc_hd__nand4_1        1
     sky130_fd_sc_hd__nor2_1         4
     sky130_fd_sc_hd__nor3_1         2
     sky130_fd_sc_hd__o211ai_1       1
     sky130_fd_sc_hd__o21a_1         1
     sky130_fd_sc_hd__o21ai_0        4
     sky130_fd_sc_hd__o41a_1         1
     sky130_fd_sc_hd__or3b_1         1
     sky130_fd_sc_hd__xnor2_1       14
     sky130_fd_sc_hd__xnor3_1        1
     sky130_fd_sc_hd__xor2_1        14
     sky130_fd_sc_hd__xor3_1         2

   Area for cell type $mem_v2 is unknown!
   Area for cell type $paramod\vibe_sync2\W=s32'00000000000000000000000000000101 is unknown!

   Chip area for module '\vibe_afifo': 800.768000
     of which used for sequential elements: 250.240000 (31.25%)

=== design hierarchy ===

   vibe_afifo                        1
     $paramod\vibe_sync2\W=s32'00000000000000000000000000000101      2

   Number of wires:                 91
   Number of wire bits:            644
   Number of public wires:          34
   Number of public wire bits:     428
   Number of ports:                 20
   Number of port bits:            358
   Number of memories:               0
   Number of memory bits:            0
   Number of processes:              0
   Number of cells:                104
     $mem_v2                         1
     sky130_fd_sc_hd__a211oi_1       1
     sky130_fd_sc_hd__a21boi_0       1
     sky130_fd_sc_hd__a21o_1         1
     sky130_fd_sc_hd__a21oi_1        2
     sky130_fd_sc_hd__a31oi_1        1
     sky130_fd_sc_hd__and2_0         3
     sky130_fd_sc_hd__and3_1         1
     sky130_fd_sc_hd__and3b_1        1
     sky130_fd_sc_hd__and4_1         1
     sky130_fd_sc_hd__clkinv_1       5
     sky130_fd_sc_hd__dfrtp_1       30
     sky130_fd_sc_hd__lpflow_inputiso1p_1      2
     sky130_fd_sc_hd__lpflow_isobufsrc_1      1
     sky130_fd_sc_hd__nand2_1        5
     sky130_fd_sc_hd__nand2b_1       1
     sky130_fd_sc_hd__nand3_1        1
     sky130_fd_sc_hd__nand4_1        1
     sky130_fd_sc_hd__nor2_1         4
     sky130_fd_sc_hd__nor3_1         2
     sky130_fd_sc_hd__o211ai_1       1
     sky130_fd_sc_hd__o21a_1         1
     sky130_fd_sc_hd__o21ai_0        4
     sky130_fd_sc_hd__o41a_1         1
     sky130_fd_sc_hd__or3b_1         1
     sky130_fd_sc_hd__xnor2_1       14
     sky130_fd_sc_hd__xnor3_1        1
     sky130_fd_sc_hd__xor2_1        14
     sky130_fd_sc_hd__xor3_1         2

   Chip area for top module '\vibe_afifo': 1301.248000
     of which used for sequential elements: 750.720000 (57.69%)


yosys> write_verilog -noattr /workspace/scripts/synth/work/blocks/vibe_afifo/vibe_afifo.synth.v

12. Executing Verilog backend.

yosys> bmuxmap

12.1. Executing BMUXMAP pass.

yosys> demuxmap

12.2. Executing DEMUXMAP pass.

yosys> clean_zerowidth
Dumping module `$paramod\vibe_sync2\W=s32'00000000000000000000000000000101'.
Dumping module `\vibe_afifo'.

End of script. Logfile hash: 0acbd6b21d, CPU: user 0.15s system 0.01s, MEM: 42.79 MB peak
Yosys 0.54+29 (git sha1 7b0c1fe49, clang++ 18.1.8 -fPIC -O3)
Time spent: 55% 1x abc (0 sec), 12% 1x dfflibmap (0 sec), ...
