
yosys> stat

3. Printing statistics.

=== vibe_gear_128_160 ===

   Number of wires:                 42
   Number of wire bits:           1130
   Number of public wires:          13
   Number of public wire bits:     684
   Number of ports:                  8
   Number of port bits:            294
   Number of memories:               0
   Number of memory bits:            0
   Number of processes:              0
   Number of cells:                 39
     $adff                           2
     $adffe                          3
     $and                           10
     $logic_and                      2
     $logic_not                      1
     $logic_or                       1
     $mux                            3
     $not                            4
     $pmux                           3
     $reduce_and                     3
     $reduce_or                      7

