
yosys> stat -liberty /workspace/scripts/synth/work/sky130_fd_sc_hd__tt_025C_1v80.lib

10. Printing statistics.

=== vibe_dll_tx ===

   Number of wires:              24959
   Number of wire bits:          49320
   Number of public wires:        1988
   Number of public wire bits:   26346
   Number of ports:                 26
   Number of port bits:           1503
   Number of memories:               0
   Number of memory bits:            0
   Number of processes:              0
   Number of cells:              25085
     sky130_fd_sc_hd__a2111oi_0      1
     sky130_fd_sc_hd__a211o_1       12
     sky130_fd_sc_hd__a211oi_1     608
     sky130_fd_sc_hd__a21boi_0       2
     sky130_fd_sc_hd__a21o_1        59
     sky130_fd_sc_hd__a21oi_1     3111
     sky130_fd_sc_hd__a221o_1       56
     sky130_fd_sc_hd__a221oi_1      99
     sky130_fd_sc_hd__a222oi_1       9
     sky130_fd_sc_hd__a22o_1       416
     sky130_fd_sc_hd__a22oi_1      357
     sky130_fd_sc_hd__a2bb2oi_1      6
     sky130_fd_sc_hd__a311oi_1      76
     sky130_fd_sc_hd__a31o_1         2
     sky130_fd_sc_hd__a31oi_1      147
     sky130_fd_sc_hd__a32o_1         1
     sky130_fd_sc_hd__a32oi_1       10
     sky130_fd_sc_hd__a41oi_1        8
     sky130_fd_sc_hd__and2_0        61
     sky130_fd_sc_hd__and3_1       108
     sky130_fd_sc_hd__and3b_1        1
     sky130_fd_sc_hd__clkinv_1     223
     sky130_fd_sc_hd__dfrtp_1     2105
     sky130_fd_sc_hd__lpflow_inputiso1p_1     24
     sky130_fd_sc_hd__lpflow_isobufsrc_1     25
     sky130_fd_sc_hd__mux2_1       243
     sky130_fd_sc_hd__mux2i_1     1113
     sky130_fd_sc_hd__nand2_1     3142
     sky130_fd_sc_hd__nand2b_1       5
     sky130_fd_sc_hd__nand3_1      787
     sky130_fd_sc_hd__nand4_1        6
     sky130_fd_sc_hd__nor2_1      2272
     sky130_fd_sc_hd__nor2b_1        2
     sky130_fd_sc_hd__nor3_1       138
     sky130_fd_sc_hd__nor3b_1        1
     sky130_fd_sc_hd__nor4_1         3
     sky130_fd_sc_hd__o2111ai_1      2
     sky130_fd_sc_hd__o211a_1        1
     sky130_fd_sc_hd__o211ai_1     369
     sky130_fd_sc_hd__o21a_1        31
     sky130_fd_sc_hd__o21ai_0     4501
     sky130_fd_sc_hd__o21bai_1       3
     sky130_fd_sc_hd__o221a_1        7
     sky130_fd_sc_hd__o221ai_1     298
     sky130_fd_sc_hd__o22a_1         9
     sky130_fd_sc_hd__o22ai_1      422
     sky130_fd_sc_hd__o2bb2ai_1     17
     sky130_fd_sc_hd__o311ai_0       4
     sky130_fd_sc_hd__o31a_1         1
     sky130_fd_sc_hd__o31ai_1       20
     sky130_fd_sc_hd__o32a_1        27
     sky130_fd_sc_hd__o32ai_1        7
     sky130_fd_sc_hd__o41ai_1        2
     sky130_fd_sc_hd__or3_1         12
     sky130_fd_sc_hd__xnor2_1     2526
     sky130_fd_sc_hd__xnor3_1      710
     sky130_fd_sc_hd__xor2_1       748
     sky130_fd_sc_hd__xor3_1       129

   Chip area for module '\vibe_dll_tx': 203677.843200
     of which used for sequential elements: 52675.520000 (25.86%)

